Archive member included because of file (symbol)

/opt/gcc-arm-none-eabi-4_9-2015q3/bin/../lib/gcc/arm-none-eabi/4.9.3/../../../../arm-none-eabi/lib/armv7-m/libc.a(lib_a-errno.o)
                              src/syscalls.o (__errno)
/opt/gcc-arm-none-eabi-4_9-2015q3/bin/../lib/gcc/arm-none-eabi/4.9.3/../../../../arm-none-eabi/lib/armv7-m/libc.a(lib_a-exit.o)
                              /opt/gcc-arm-none-eabi-4_9-2015q3/bin/../lib/gcc/arm-none-eabi/4.9.3/../../../../arm-none-eabi/lib/armv7-m/crt0.o (exit)
/opt/gcc-arm-none-eabi-4_9-2015q3/bin/../lib/gcc/arm-none-eabi/4.9.3/../../../../arm-none-eabi/lib/armv7-m/libc.a(lib_a-impure.o)
                              /opt/gcc-arm-none-eabi-4_9-2015q3/bin/../lib/gcc/arm-none-eabi/4.9.3/../../../../arm-none-eabi/lib/armv7-m/libc.a(lib_a-exit.o) (_global_impure_ptr)
/opt/gcc-arm-none-eabi-4_9-2015q3/bin/../lib/gcc/arm-none-eabi/4.9.3/../../../../arm-none-eabi/lib/armv7-m/libc.a(lib_a-init.o)
                              /opt/gcc-arm-none-eabi-4_9-2015q3/bin/../lib/gcc/arm-none-eabi/4.9.3/../../../../arm-none-eabi/lib/armv7-m/crt0.o (__libc_init_array)
/opt/gcc-arm-none-eabi-4_9-2015q3/bin/../lib/gcc/arm-none-eabi/4.9.3/../../../../arm-none-eabi/lib/armv7-m/libc.a(lib_a-memcpy.o)
                              FreeRTOS/Source/queue.o (memcpy)
/opt/gcc-arm-none-eabi-4_9-2015q3/bin/../lib/gcc/arm-none-eabi/4.9.3/../../../../arm-none-eabi/lib/armv7-m/libc.a(lib_a-memset.o)
                              /opt/gcc-arm-none-eabi-4_9-2015q3/bin/../lib/gcc/arm-none-eabi/4.9.3/../../../../arm-none-eabi/lib/armv7-m/crt0.o (memset)
/opt/gcc-arm-none-eabi-4_9-2015q3/bin/../lib/gcc/arm-none-eabi/4.9.3/../../../../arm-none-eabi/lib/armv7-m/libc.a(lib_a-__call_atexit.o)
                              /opt/gcc-arm-none-eabi-4_9-2015q3/bin/../lib/gcc/arm-none-eabi/4.9.3/../../../../arm-none-eabi/lib/armv7-m/libc.a(lib_a-exit.o) (__call_exitprocs)
/opt/gcc-arm-none-eabi-4_9-2015q3/bin/../lib/gcc/arm-none-eabi/4.9.3/../../../../arm-none-eabi/lib/armv7-m/libc.a(lib_a-atexit.o)
                              /opt/gcc-arm-none-eabi-4_9-2015q3/bin/../lib/gcc/arm-none-eabi/4.9.3/../../../../arm-none-eabi/lib/armv7-m/libc.a(lib_a-__call_atexit.o) (atexit)
/opt/gcc-arm-none-eabi-4_9-2015q3/bin/../lib/gcc/arm-none-eabi/4.9.3/../../../../arm-none-eabi/lib/armv7-m/libc.a(lib_a-fini.o)
                              /opt/gcc-arm-none-eabi-4_9-2015q3/bin/../lib/gcc/arm-none-eabi/4.9.3/../../../../arm-none-eabi/lib/armv7-m/libc.a(lib_a-__call_atexit.o) (__libc_fini_array)
/opt/gcc-arm-none-eabi-4_9-2015q3/bin/../lib/gcc/arm-none-eabi/4.9.3/../../../../arm-none-eabi/lib/armv7-m/libc.a(lib_a-__atexit.o)
                              /opt/gcc-arm-none-eabi-4_9-2015q3/bin/../lib/gcc/arm-none-eabi/4.9.3/../../../../arm-none-eabi/lib/armv7-m/libc.a(lib_a-atexit.o) (__register_exitproc)

Allocating common symbols
Common symbol       size              file

defaultTaskHandle   0x4               src/main.o
xQueueRegistry      0x40              FreeRTOS/Source/queue.o

Discarded input sections

 .text          0x00000000        0x0 /opt/gcc-arm-none-eabi-4_9-2015q3/bin/../lib/gcc/arm-none-eabi/4.9.3/armv7-m/crti.o
 .data          0x00000000        0x0 /opt/gcc-arm-none-eabi-4_9-2015q3/bin/../lib/gcc/arm-none-eabi/4.9.3/armv7-m/crti.o
 .bss           0x00000000        0x0 /opt/gcc-arm-none-eabi-4_9-2015q3/bin/../lib/gcc/arm-none-eabi/4.9.3/armv7-m/crti.o
 .data          0x00000000        0x4 /opt/gcc-arm-none-eabi-4_9-2015q3/bin/../lib/gcc/arm-none-eabi/4.9.3/armv7-m/crtbegin.o
 .text          0x00000000       0x74 /opt/gcc-arm-none-eabi-4_9-2015q3/bin/../lib/gcc/arm-none-eabi/4.9.3/../../../../arm-none-eabi/lib/armv7-m/crt0.o
 .data          0x00000000        0x0 /opt/gcc-arm-none-eabi-4_9-2015q3/bin/../lib/gcc/arm-none-eabi/4.9.3/../../../../arm-none-eabi/lib/armv7-m/crt0.o
 .bss           0x00000000        0x0 /opt/gcc-arm-none-eabi-4_9-2015q3/bin/../lib/gcc/arm-none-eabi/4.9.3/../../../../arm-none-eabi/lib/armv7-m/crt0.o
 .ARM.extab     0x00000000        0x0 /opt/gcc-arm-none-eabi-4_9-2015q3/bin/../lib/gcc/arm-none-eabi/4.9.3/../../../../arm-none-eabi/lib/armv7-m/crt0.o
 .ARM.exidx     0x00000000        0x8 /opt/gcc-arm-none-eabi-4_9-2015q3/bin/../lib/gcc/arm-none-eabi/4.9.3/../../../../arm-none-eabi/lib/armv7-m/crt0.o
 .ARM.attributes
                0x00000000       0x1b /opt/gcc-arm-none-eabi-4_9-2015q3/bin/../lib/gcc/arm-none-eabi/4.9.3/../../../../arm-none-eabi/lib/armv7-m/crt0.o
 .text          0x00000000       0x14 src/startup_stm32f10x_md.o
 .data          0x00000000        0x0 src/startup_stm32f10x_md.o
 .bss           0x00000000        0x0 src/startup_stm32f10x_md.o
 .text          0x00000000        0x0 src/system_stm32f10x.o
 .data          0x00000000        0x0 src/system_stm32f10x.o
 .bss           0x00000000        0x0 src/system_stm32f10x.o
 .data.AHBPrescTable
                0x00000000       0x10 src/system_stm32f10x.o
 .text.SystemCoreClockUpdate
                0x00000000       0xdc src/system_stm32f10x.o
 .text          0x00000000        0x0 src/main.o
 .data          0x00000000        0x0 src/main.o
 .bss           0x00000000        0x0 src/main.o
 .text.CAOS_OutputDebugString
                0x00000000       0x14 src/main.o
 .text          0x00000000        0x0 src/leds.o
 .data          0x00000000        0x0 src/leds.o
 .bss           0x00000000        0x0 src/leds.o
 .text          0x00000000        0x0 src/syscalls.o
 .data          0x00000000        0x0 src/syscalls.o
 .bss           0x00000000        0x0 src/syscalls.o
 .text._sbrk    0x00000000       0x60 src/syscalls.o
 .bss.heap_end.7017
                0x00000000        0x4 src/syscalls.o
 .debug_info    0x00000000      0x107 src/syscalls.o
 .debug_abbrev  0x00000000       0xa3 src/syscalls.o
 .debug_aranges
                0x00000000       0x20 src/syscalls.o
 .debug_ranges  0x00000000       0x10 src/syscalls.o
 .debug_line    0x00000000       0xbd src/syscalls.o
 .debug_str     0x00000000      0x1c2 src/syscalls.o
 .comment       0x00000000       0x71 src/syscalls.o
 .debug_frame   0x00000000       0x34 src/syscalls.o
 .ARM.attributes
                0x00000000       0x33 src/syscalls.o
 .text          0x00000000        0x0 Libraries/STM32F10x_StdPeriph_Driver/src/stm32f10x_usart.o
 .data          0x00000000        0x0 Libraries/STM32F10x_StdPeriph_Driver/src/stm32f10x_usart.o
 .bss           0x00000000        0x0 Libraries/STM32F10x_StdPeriph_Driver/src/stm32f10x_usart.o
 .text.USART_DeInit
                0x00000000       0xb8 Libraries/STM32F10x_StdPeriph_Driver/src/stm32f10x_usart.o
 .text.USART_Init
                0x00000000      0x174 Libraries/STM32F10x_StdPeriph_Driver/src/stm32f10x_usart.o
 .text.USART_StructInit
                0x00000000       0x38 Libraries/STM32F10x_StdPeriph_Driver/src/stm32f10x_usart.o
 .text.USART_ClockInit
                0x00000000       0x58 Libraries/STM32F10x_StdPeriph_Driver/src/stm32f10x_usart.o
 .text.USART_ClockStructInit
                0x00000000       0x2c Libraries/STM32F10x_StdPeriph_Driver/src/stm32f10x_usart.o
 .text.USART_Cmd
                0x00000000       0x40 Libraries/STM32F10x_StdPeriph_Driver/src/stm32f10x_usart.o
 .text.USART_ITConfig
                0x00000000       0x90 Libraries/STM32F10x_StdPeriph_Driver/src/stm32f10x_usart.o
 .text.USART_DMACmd
                0x00000000       0x48 Libraries/STM32F10x_StdPeriph_Driver/src/stm32f10x_usart.o
 .text.USART_SetAddress
                0x00000000       0x38 Libraries/STM32F10x_StdPeriph_Driver/src/stm32f10x_usart.o
 .text.USART_WakeUpConfig
                0x00000000       0x38 Libraries/STM32F10x_StdPeriph_Driver/src/stm32f10x_usart.o
 .text.USART_ReceiverWakeUpCmd
                0x00000000       0x40 Libraries/STM32F10x_StdPeriph_Driver/src/stm32f10x_usart.o
 .text.USART_LINBreakDetectLengthConfig
                0x00000000       0x38 Libraries/STM32F10x_StdPeriph_Driver/src/stm32f10x_usart.o
 .text.USART_LINCmd
                0x00000000       0x40 Libraries/STM32F10x_StdPeriph_Driver/src/stm32f10x_usart.o
 .text.USART_SendData
                0x00000000       0x24 Libraries/STM32F10x_StdPeriph_Driver/src/stm32f10x_usart.o
 .text.USART_ReceiveData
                0x00000000       0x20 Libraries/STM32F10x_StdPeriph_Driver/src/stm32f10x_usart.o
 .text.USART_SendBreak
                0x00000000       0x24 Libraries/STM32F10x_StdPeriph_Driver/src/stm32f10x_usart.o
 .text.USART_SetGuardTime
                0x00000000       0x3c Libraries/STM32F10x_StdPeriph_Driver/src/stm32f10x_usart.o
 .text.USART_SetPrescaler
                0x00000000       0x38 Libraries/STM32F10x_StdPeriph_Driver/src/stm32f10x_usart.o
 .text.USART_SmartCardCmd
                0x00000000       0x40 Libraries/STM32F10x_StdPeriph_Driver/src/stm32f10x_usart.o
 .text.USART_SmartCardNACKCmd
                0x00000000       0x40 Libraries/STM32F10x_StdPeriph_Driver/src/stm32f10x_usart.o
 .text.USART_HalfDuplexCmd
                0x00000000       0x40 Libraries/STM32F10x_StdPeriph_Driver/src/stm32f10x_usart.o
 .text.USART_OverSampling8Cmd
                0x00000000       0x44 Libraries/STM32F10x_StdPeriph_Driver/src/stm32f10x_usart.o
 .text.USART_OneBitMethodCmd
                0x00000000       0x40 Libraries/STM32F10x_StdPeriph_Driver/src/stm32f10x_usart.o
 .text.USART_IrDAConfig
                0x00000000       0x38 Libraries/STM32F10x_StdPeriph_Driver/src/stm32f10x_usart.o
 .text.USART_IrDACmd
                0x00000000       0x40 Libraries/STM32F10x_StdPeriph_Driver/src/stm32f10x_usart.o
 .text.USART_GetFlagStatus
                0x00000000       0x38 Libraries/STM32F10x_StdPeriph_Driver/src/stm32f10x_usart.o
 .text.USART_ClearFlag
                0x00000000       0x20 Libraries/STM32F10x_StdPeriph_Driver/src/stm32f10x_usart.o
 .text.USART_GetITStatus
                0x00000000       0xb8 Libraries/STM32F10x_StdPeriph_Driver/src/stm32f10x_usart.o
 .text.USART_ClearITPendingBit
                0x00000000       0x38 Libraries/STM32F10x_StdPeriph_Driver/src/stm32f10x_usart.o
 .debug_info    0x00000000      0x9d6 Libraries/STM32F10x_StdPeriph_Driver/src/stm32f10x_usart.o
 .debug_abbrev  0x00000000      0x164 Libraries/STM32F10x_StdPeriph_Driver/src/stm32f10x_usart.o
 .debug_aranges
                0x00000000      0x100 Libraries/STM32F10x_StdPeriph_Driver/src/stm32f10x_usart.o
 .debug_ranges  0x00000000       0xf0 Libraries/STM32F10x_StdPeriph_Driver/src/stm32f10x_usart.o
 .debug_line    0x00000000      0x422 Libraries/STM32F10x_StdPeriph_Driver/src/stm32f10x_usart.o
 .debug_str     0x00000000      0x6e0 Libraries/STM32F10x_StdPeriph_Driver/src/stm32f10x_usart.o
 .comment       0x00000000       0x71 Libraries/STM32F10x_StdPeriph_Driver/src/stm32f10x_usart.o
 .debug_frame   0x00000000      0x490 Libraries/STM32F10x_StdPeriph_Driver/src/stm32f10x_usart.o
 .ARM.attributes
                0x00000000       0x33 Libraries/STM32F10x_StdPeriph_Driver/src/stm32f10x_usart.o
 .text          0x00000000        0x0 Libraries/STM32F10x_StdPeriph_Driver/src/stm32f10x_rcc.o
 .data          0x00000000        0x0 Libraries/STM32F10x_StdPeriph_Driver/src/stm32f10x_rcc.o
 .bss           0x00000000        0x0 Libraries/STM32F10x_StdPeriph_Driver/src/stm32f10x_rcc.o
 .data.APBAHBPrescTable
                0x00000000       0x10 Libraries/STM32F10x_StdPeriph_Driver/src/stm32f10x_rcc.o
 .data.ADCPrescTable
                0x00000000        0x4 Libraries/STM32F10x_StdPeriph_Driver/src/stm32f10x_rcc.o
 .text.RCC_DeInit
                0x00000000       0x5c Libraries/STM32F10x_StdPeriph_Driver/src/stm32f10x_rcc.o
 .text.RCC_HSEConfig
                0x00000000       0x5c Libraries/STM32F10x_StdPeriph_Driver/src/stm32f10x_rcc.o
 .text.RCC_WaitForHSEStartUp
                0x00000000       0x50 Libraries/STM32F10x_StdPeriph_Driver/src/stm32f10x_rcc.o
 .text.RCC_AdjustHSICalibrationValue
                0x00000000       0x3c Libraries/STM32F10x_StdPeriph_Driver/src/stm32f10x_rcc.o
 .text.RCC_HSICmd
                0x00000000       0x20 Libraries/STM32F10x_StdPeriph_Driver/src/stm32f10x_rcc.o
 .text.RCC_PLLConfig
                0x00000000       0x3c Libraries/STM32F10x_StdPeriph_Driver/src/stm32f10x_rcc.o
 .text.RCC_PLLCmd
                0x00000000       0x20 Libraries/STM32F10x_StdPeriph_Driver/src/stm32f10x_rcc.o
 .text.RCC_SYSCLKConfig
                0x00000000       0x38 Libraries/STM32F10x_StdPeriph_Driver/src/stm32f10x_rcc.o
 .text.RCC_GetSYSCLKSource
                0x00000000       0x20 Libraries/STM32F10x_StdPeriph_Driver/src/stm32f10x_rcc.o
 .text.RCC_HCLKConfig
                0x00000000       0x38 Libraries/STM32F10x_StdPeriph_Driver/src/stm32f10x_rcc.o
 .text.RCC_PCLK1Config
                0x00000000       0x38 Libraries/STM32F10x_StdPeriph_Driver/src/stm32f10x_rcc.o
 .text.RCC_PCLK2Config
                0x00000000       0x38 Libraries/STM32F10x_StdPeriph_Driver/src/stm32f10x_rcc.o
 .text.RCC_ITConfig
                0x00000000       0x4c Libraries/STM32F10x_StdPeriph_Driver/src/stm32f10x_rcc.o
 .text.RCC_USBCLKConfig
                0x00000000       0x1c Libraries/STM32F10x_StdPeriph_Driver/src/stm32f10x_rcc.o
 .text.RCC_ADCCLKConfig
                0x00000000       0x38 Libraries/STM32F10x_StdPeriph_Driver/src/stm32f10x_rcc.o
 .text.RCC_LSEConfig
                0x00000000       0x40 Libraries/STM32F10x_StdPeriph_Driver/src/stm32f10x_rcc.o
 .text.RCC_LSICmd
                0x00000000       0x20 Libraries/STM32F10x_StdPeriph_Driver/src/stm32f10x_rcc.o
 .text.RCC_RTCCLKConfig
                0x00000000       0x24 Libraries/STM32F10x_StdPeriph_Driver/src/stm32f10x_rcc.o
 .text.RCC_RTCCLKCmd
                0x00000000       0x20 Libraries/STM32F10x_StdPeriph_Driver/src/stm32f10x_rcc.o
 .text.RCC_GetClocksFreq
                0x00000000      0x164 Libraries/STM32F10x_StdPeriph_Driver/src/stm32f10x_rcc.o
 .text.RCC_AHBPeriphClockCmd
                0x00000000       0x3c Libraries/STM32F10x_StdPeriph_Driver/src/stm32f10x_rcc.o
 .text.RCC_APB1PeriphClockCmd
                0x00000000       0x3c Libraries/STM32F10x_StdPeriph_Driver/src/stm32f10x_rcc.o
 .text.RCC_APB2PeriphResetCmd
                0x00000000       0x3c Libraries/STM32F10x_StdPeriph_Driver/src/stm32f10x_rcc.o
 .text.RCC_APB1PeriphResetCmd
                0x00000000       0x3c Libraries/STM32F10x_StdPeriph_Driver/src/stm32f10x_rcc.o
 .text.RCC_BackupResetCmd
                0x00000000       0x20 Libraries/STM32F10x_StdPeriph_Driver/src/stm32f10x_rcc.o
 .text.RCC_ClockSecuritySystemCmd
                0x00000000       0x20 Libraries/STM32F10x_StdPeriph_Driver/src/stm32f10x_rcc.o
 .text.RCC_MCOConfig
                0x00000000       0x20 Libraries/STM32F10x_StdPeriph_Driver/src/stm32f10x_rcc.o
 .text.RCC_GetFlagStatus
                0x00000000       0x74 Libraries/STM32F10x_StdPeriph_Driver/src/stm32f10x_rcc.o
 .text.RCC_ClearFlag
                0x00000000       0x1c Libraries/STM32F10x_StdPeriph_Driver/src/stm32f10x_rcc.o
 .text.RCC_GetITStatus
                0x00000000       0x38 Libraries/STM32F10x_StdPeriph_Driver/src/stm32f10x_rcc.o
 .text.RCC_ClearITPendingBit
                0x00000000       0x20 Libraries/STM32F10x_StdPeriph_Driver/src/stm32f10x_rcc.o
 .text          0x00000000        0x0 Libraries/STM32F10x_StdPeriph_Driver/src/stm32f10x_pwr.o
 .data          0x00000000        0x0 Libraries/STM32F10x_StdPeriph_Driver/src/stm32f10x_pwr.o
 .bss           0x00000000        0x0 Libraries/STM32F10x_StdPeriph_Driver/src/stm32f10x_pwr.o
 .text.__WFI    0x00000000       0x10 Libraries/STM32F10x_StdPeriph_Driver/src/stm32f10x_pwr.o
 .text.__WFE    0x00000000       0x10 Libraries/STM32F10x_StdPeriph_Driver/src/stm32f10x_pwr.o
 .text.PWR_DeInit
                0x00000000       0x1c Libraries/STM32F10x_StdPeriph_Driver/src/stm32f10x_pwr.o
 .text.PWR_BackupAccessCmd
                0x00000000       0x20 Libraries/STM32F10x_StdPeriph_Driver/src/stm32f10x_pwr.o
 .text.PWR_PVDCmd
                0x00000000       0x20 Libraries/STM32F10x_StdPeriph_Driver/src/stm32f10x_pwr.o
 .text.PWR_PVDLevelConfig
                0x00000000       0x38 Libraries/STM32F10x_StdPeriph_Driver/src/stm32f10x_pwr.o
 .text.PWR_WakeUpPinCmd
                0x00000000       0x20 Libraries/STM32F10x_StdPeriph_Driver/src/stm32f10x_pwr.o
 .text.PWR_EnterSTOPMode
                0x00000000       0x64 Libraries/STM32F10x_StdPeriph_Driver/src/stm32f10x_pwr.o
 .text.PWR_EnterSTANDBYMode
                0x00000000       0x38 Libraries/STM32F10x_StdPeriph_Driver/src/stm32f10x_pwr.o
 .text.PWR_GetFlagStatus
                0x00000000       0x34 Libraries/STM32F10x_StdPeriph_Driver/src/stm32f10x_pwr.o
 .text.PWR_ClearFlag
                0x00000000       0x24 Libraries/STM32F10x_StdPeriph_Driver/src/stm32f10x_pwr.o
 .debug_info    0x00000000      0x421 Libraries/STM32F10x_StdPeriph_Driver/src/stm32f10x_pwr.o
 .debug_abbrev  0x00000000      0x1ad Libraries/STM32F10x_StdPeriph_Driver/src/stm32f10x_pwr.o
 .debug_aranges
                0x00000000       0x70 Libraries/STM32F10x_StdPeriph_Driver/src/stm32f10x_pwr.o
 .debug_ranges  0x00000000       0x60 Libraries/STM32F10x_StdPeriph_Driver/src/stm32f10x_pwr.o
 .debug_line    0x00000000      0x222 Libraries/STM32F10x_StdPeriph_Driver/src/stm32f10x_pwr.o
 .debug_str     0x00000000      0x362 Libraries/STM32F10x_StdPeriph_Driver/src/stm32f10x_pwr.o
 .comment       0x00000000       0x71 Libraries/STM32F10x_StdPeriph_Driver/src/stm32f10x_pwr.o
 .debug_frame   0x00000000      0x19c Libraries/STM32F10x_StdPeriph_Driver/src/stm32f10x_pwr.o
 .ARM.attributes
                0x00000000       0x33 Libraries/STM32F10x_StdPeriph_Driver/src/stm32f10x_pwr.o
 .text          0x00000000        0x0 Libraries/STM32F10x_StdPeriph_Driver/src/stm32f10x_adc.o
 .data          0x00000000        0x0 Libraries/STM32F10x_StdPeriph_Driver/src/stm32f10x_adc.o
 .bss           0x00000000        0x0 Libraries/STM32F10x_StdPeriph_Driver/src/stm32f10x_adc.o
 .text.ADC_DeInit
                0x00000000       0x74 Libraries/STM32F10x_StdPeriph_Driver/src/stm32f10x_adc.o
 .text.ADC_Init
                0x00000000       0xa4 Libraries/STM32F10x_StdPeriph_Driver/src/stm32f10x_adc.o
 .text.ADC_StructInit
                0x00000000       0x38 Libraries/STM32F10x_StdPeriph_Driver/src/stm32f10x_adc.o
 .text.ADC_Cmd  0x00000000       0x38 Libraries/STM32F10x_StdPeriph_Driver/src/stm32f10x_adc.o
 .text.ADC_DMACmd
                0x00000000       0x38 Libraries/STM32F10x_StdPeriph_Driver/src/stm32f10x_adc.o
 .text.ADC_ITConfig
                0x00000000       0x44 Libraries/STM32F10x_StdPeriph_Driver/src/stm32f10x_adc.o
 .text.ADC_ResetCalibration
                0x00000000       0x20 Libraries/STM32F10x_StdPeriph_Driver/src/stm32f10x_adc.o
 .text.ADC_GetResetCalibrationStatus
                0x00000000       0x30 Libraries/STM32F10x_StdPeriph_Driver/src/stm32f10x_adc.o
 .text.ADC_StartCalibration
                0x00000000       0x20 Libraries/STM32F10x_StdPeriph_Driver/src/stm32f10x_adc.o
 .text.ADC_GetCalibrationStatus
                0x00000000       0x30 Libraries/STM32F10x_StdPeriph_Driver/src/stm32f10x_adc.o
 .text.ADC_SoftwareStartConvCmd
                0x00000000       0x38 Libraries/STM32F10x_StdPeriph_Driver/src/stm32f10x_adc.o
 .text.ADC_GetSoftwareStartConvStatus
                0x00000000       0x30 Libraries/STM32F10x_StdPeriph_Driver/src/stm32f10x_adc.o
 .text.ADC_DiscModeChannelCountConfig
                0x00000000       0x44 Libraries/STM32F10x_StdPeriph_Driver/src/stm32f10x_adc.o
 .text.ADC_DiscModeCmd
                0x00000000       0x38 Libraries/STM32F10x_StdPeriph_Driver/src/stm32f10x_adc.o
 .text.ADC_RegularChannelConfig
                0x00000000      0x194 Libraries/STM32F10x_StdPeriph_Driver/src/stm32f10x_adc.o
 .text.ADC_ExternalTrigConvCmd
                0x00000000       0x38 Libraries/STM32F10x_StdPeriph_Driver/src/stm32f10x_adc.o
 .text.ADC_GetConversionValue
                0x00000000       0x1c Libraries/STM32F10x_StdPeriph_Driver/src/stm32f10x_adc.o
 .text.ADC_GetDualModeConversionValue
                0x00000000       0x18 Libraries/STM32F10x_StdPeriph_Driver/src/stm32f10x_adc.o
 .text.ADC_AutoInjectedConvCmd
                0x00000000       0x38 Libraries/STM32F10x_StdPeriph_Driver/src/stm32f10x_adc.o
 .text.ADC_InjectedDiscModeCmd
                0x00000000       0x38 Libraries/STM32F10x_StdPeriph_Driver/src/stm32f10x_adc.o
 .text.ADC_ExternalTrigInjectedConvConfig
                0x00000000       0x34 Libraries/STM32F10x_StdPeriph_Driver/src/stm32f10x_adc.o
 .text.ADC_ExternalTrigInjectedConvCmd
                0x00000000       0x38 Libraries/STM32F10x_StdPeriph_Driver/src/stm32f10x_adc.o
 .text.ADC_SoftwareStartInjectedConvCmd
                0x00000000       0x38 Libraries/STM32F10x_StdPeriph_Driver/src/stm32f10x_adc.o
 .text.ADC_GetSoftwareStartInjectedConvCmdStatus
                0x00000000       0x30 Libraries/STM32F10x_StdPeriph_Driver/src/stm32f10x_adc.o
 .text.ADC_InjectedChannelConfig
                0x00000000      0x120 Libraries/STM32F10x_StdPeriph_Driver/src/stm32f10x_adc.o
 .text.ADC_InjectedSequencerLengthConfig
                0x00000000       0x44 Libraries/STM32F10x_StdPeriph_Driver/src/stm32f10x_adc.o
 .text.ADC_SetInjectedOffset
                0x00000000       0x34 Libraries/STM32F10x_StdPeriph_Driver/src/stm32f10x_adc.o
 .text.ADC_GetInjectedConversionValue
                0x00000000       0x30 Libraries/STM32F10x_StdPeriph_Driver/src/stm32f10x_adc.o
 .text.ADC_AnalogWatchdogCmd
                0x00000000       0x38 Libraries/STM32F10x_StdPeriph_Driver/src/stm32f10x_adc.o
 .text.ADC_AnalogWatchdogThresholdsConfig
                0x00000000       0x28 Libraries/STM32F10x_StdPeriph_Driver/src/stm32f10x_adc.o
 .text.ADC_AnalogWatchdogSingleChannelConfig
                0x00000000       0x38 Libraries/STM32F10x_StdPeriph_Driver/src/stm32f10x_adc.o
 .text.ADC_TempSensorVrefintCmd
                0x00000000       0x38 Libraries/STM32F10x_StdPeriph_Driver/src/stm32f10x_adc.o
 .text.ADC_GetFlagStatus
                0x00000000       0x34 Libraries/STM32F10x_StdPeriph_Driver/src/stm32f10x_adc.o
 .text.ADC_ClearFlag
                0x00000000       0x20 Libraries/STM32F10x_StdPeriph_Driver/src/stm32f10x_adc.o
 .text.ADC_GetITStatus
                0x00000000       0x58 Libraries/STM32F10x_StdPeriph_Driver/src/stm32f10x_adc.o
 .text.ADC_ClearITPendingBit
                0x00000000       0x2c Libraries/STM32F10x_StdPeriph_Driver/src/stm32f10x_adc.o
 .debug_info    0x00000000      0xb62 Libraries/STM32F10x_StdPeriph_Driver/src/stm32f10x_adc.o
 .debug_abbrev  0x00000000      0x19a Libraries/STM32F10x_StdPeriph_Driver/src/stm32f10x_adc.o
 .debug_aranges
                0x00000000      0x138 Libraries/STM32F10x_StdPeriph_Driver/src/stm32f10x_adc.o
 .debug_ranges  0x00000000      0x128 Libraries/STM32F10x_StdPeriph_Driver/src/stm32f10x_adc.o
 .debug_line    0x00000000      0x4aa Libraries/STM32F10x_StdPeriph_Driver/src/stm32f10x_adc.o
 .debug_str     0x00000000      0x74b Libraries/STM32F10x_StdPeriph_Driver/src/stm32f10x_adc.o
 .comment       0x00000000       0x71 Libraries/STM32F10x_StdPeriph_Driver/src/stm32f10x_adc.o
 .debug_frame   0x00000000      0x5a4 Libraries/STM32F10x_StdPeriph_Driver/src/stm32f10x_adc.o
 .ARM.attributes
                0x00000000       0x33 Libraries/STM32F10x_StdPeriph_Driver/src/stm32f10x_adc.o
 .text          0x00000000        0x0 Libraries/STM32F10x_StdPeriph_Driver/src/stm32f10x_dma.o
 .data          0x00000000        0x0 Libraries/STM32F10x_StdPeriph_Driver/src/stm32f10x_dma.o
 .bss           0x00000000        0x0 Libraries/STM32F10x_StdPeriph_Driver/src/stm32f10x_dma.o
 .text.DMA_DeInit
                0x00000000      0x178 Libraries/STM32F10x_StdPeriph_Driver/src/stm32f10x_dma.o
 .text.DMA_Init
                0x00000000       0x7c Libraries/STM32F10x_StdPeriph_Driver/src/stm32f10x_dma.o
 .text.DMA_StructInit
                0x00000000       0x54 Libraries/STM32F10x_StdPeriph_Driver/src/stm32f10x_dma.o
 .text.DMA_Cmd  0x00000000       0x38 Libraries/STM32F10x_StdPeriph_Driver/src/stm32f10x_dma.o
 .text.DMA_ITConfig
                0x00000000       0x3c Libraries/STM32F10x_StdPeriph_Driver/src/stm32f10x_dma.o
 .text.DMA_SetCurrDataCounter
                0x00000000       0x1c Libraries/STM32F10x_StdPeriph_Driver/src/stm32f10x_dma.o
 .text.DMA_GetCurrDataCounter
                0x00000000       0x1c Libraries/STM32F10x_StdPeriph_Driver/src/stm32f10x_dma.o
 .text.DMA_GetFlagStatus
                0x00000000       0x54 Libraries/STM32F10x_StdPeriph_Driver/src/stm32f10x_dma.o
 .text.DMA_ClearFlag
                0x00000000       0x34 Libraries/STM32F10x_StdPeriph_Driver/src/stm32f10x_dma.o
 .text.DMA_GetITStatus
                0x00000000       0x54 Libraries/STM32F10x_StdPeriph_Driver/src/stm32f10x_dma.o
 .text.DMA_ClearITPendingBit
                0x00000000       0x34 Libraries/STM32F10x_StdPeriph_Driver/src/stm32f10x_dma.o
 .debug_info    0x00000000      0x461 Libraries/STM32F10x_StdPeriph_Driver/src/stm32f10x_dma.o
 .debug_abbrev  0x00000000      0x157 Libraries/STM32F10x_StdPeriph_Driver/src/stm32f10x_dma.o
 .debug_aranges
                0x00000000       0x70 Libraries/STM32F10x_StdPeriph_Driver/src/stm32f10x_dma.o
 .debug_ranges  0x00000000       0x60 Libraries/STM32F10x_StdPeriph_Driver/src/stm32f10x_dma.o
 .debug_line    0x00000000      0x28c Libraries/STM32F10x_StdPeriph_Driver/src/stm32f10x_dma.o
 .debug_str     0x00000000      0x407 Libraries/STM32F10x_StdPeriph_Driver/src/stm32f10x_dma.o
 .comment       0x00000000       0x71 Libraries/STM32F10x_StdPeriph_Driver/src/stm32f10x_dma.o
 .debug_frame   0x00000000      0x1c8 Libraries/STM32F10x_StdPeriph_Driver/src/stm32f10x_dma.o
 .ARM.attributes
                0x00000000       0x33 Libraries/STM32F10x_StdPeriph_Driver/src/stm32f10x_dma.o
 .text          0x00000000        0x0 Libraries/STM32F10x_StdPeriph_Driver/src/misc.o
 .data          0x00000000        0x0 Libraries/STM32F10x_StdPeriph_Driver/src/misc.o
 .bss           0x00000000        0x0 Libraries/STM32F10x_StdPeriph_Driver/src/misc.o
 .text.NVIC_PriorityGroupConfig
                0x00000000       0x24 Libraries/STM32F10x_StdPeriph_Driver/src/misc.o
 .text.NVIC_Init
                0x00000000       0xc4 Libraries/STM32F10x_StdPeriph_Driver/src/misc.o
 .text.NVIC_SetVectorTable
                0x00000000       0x2c Libraries/STM32F10x_StdPeriph_Driver/src/misc.o
 .text.NVIC_SystemLPConfig
                0x00000000       0x40 Libraries/STM32F10x_StdPeriph_Driver/src/misc.o
 .text.SysTick_CLKSourceConfig
                0x00000000       0x38 Libraries/STM32F10x_StdPeriph_Driver/src/misc.o
 .debug_info    0x00000000      0x4ed Libraries/STM32F10x_StdPeriph_Driver/src/misc.o
 .debug_abbrev  0x00000000      0x156 Libraries/STM32F10x_StdPeriph_Driver/src/misc.o
 .debug_aranges
                0x00000000       0x40 Libraries/STM32F10x_StdPeriph_Driver/src/misc.o
 .debug_ranges  0x00000000       0x30 Libraries/STM32F10x_StdPeriph_Driver/src/misc.o
 .debug_line    0x00000000      0x1cd Libraries/STM32F10x_StdPeriph_Driver/src/misc.o
 .debug_str     0x00000000      0x408 Libraries/STM32F10x_StdPeriph_Driver/src/misc.o
 .comment       0x00000000       0x71 Libraries/STM32F10x_StdPeriph_Driver/src/misc.o
 .debug_frame   0x00000000       0xd8 Libraries/STM32F10x_StdPeriph_Driver/src/misc.o
 .ARM.attributes
                0x00000000       0x33 Libraries/STM32F10x_StdPeriph_Driver/src/misc.o
 .text          0x00000000        0x0 Libraries/STM32F10x_StdPeriph_Driver/src/stm32f10x_gpio.o
 .data          0x00000000        0x0 Libraries/STM32F10x_StdPeriph_Driver/src/stm32f10x_gpio.o
 .bss           0x00000000        0x0 Libraries/STM32F10x_StdPeriph_Driver/src/stm32f10x_gpio.o
 .text.GPIO_DeInit
                0x00000000       0xe4 Libraries/STM32F10x_StdPeriph_Driver/src/stm32f10x_gpio.o
 .text.GPIO_AFIODeInit
                0x00000000       0x18 Libraries/STM32F10x_StdPeriph_Driver/src/stm32f10x_gpio.o
 .text.GPIO_StructInit
                0x00000000       0x28 Libraries/STM32F10x_StdPeriph_Driver/src/stm32f10x_gpio.o
 .text.GPIO_ReadInputDataBit
                0x00000000       0x34 Libraries/STM32F10x_StdPeriph_Driver/src/stm32f10x_gpio.o
 .text.GPIO_ReadInputData
                0x00000000       0x1c Libraries/STM32F10x_StdPeriph_Driver/src/stm32f10x_gpio.o
 .text.GPIO_ReadOutputDataBit
                0x00000000       0x34 Libraries/STM32F10x_StdPeriph_Driver/src/stm32f10x_gpio.o
 .text.GPIO_ReadOutputData
                0x00000000       0x1c Libraries/STM32F10x_StdPeriph_Driver/src/stm32f10x_gpio.o
 .text.GPIO_WriteBit
                0x00000000       0x30 Libraries/STM32F10x_StdPeriph_Driver/src/stm32f10x_gpio.o
 .text.GPIO_Write
                0x00000000       0x1c Libraries/STM32F10x_StdPeriph_Driver/src/stm32f10x_gpio.o
 .text.GPIO_PinLockConfig
                0x00000000       0x44 Libraries/STM32F10x_StdPeriph_Driver/src/stm32f10x_gpio.o
 .text.GPIO_EventOutputConfig
                0x00000000       0x4c Libraries/STM32F10x_StdPeriph_Driver/src/stm32f10x_gpio.o
 .text.GPIO_EventOutputCmd
                0x00000000       0x20 Libraries/STM32F10x_StdPeriph_Driver/src/stm32f10x_gpio.o
 .text.GPIO_PinRemapConfig
                0x00000000       0xe0 Libraries/STM32F10x_StdPeriph_Driver/src/stm32f10x_gpio.o
 .text.GPIO_EXTILineConfig
                0x00000000       0x84 Libraries/STM32F10x_StdPeriph_Driver/src/stm32f10x_gpio.o
 .text.GPIO_ETH_MediaInterfaceConfig
                0x00000000       0x1c Libraries/STM32F10x_StdPeriph_Driver/src/stm32f10x_gpio.o
 .text          0x00000000        0x0 src/freertos.o
 .data          0x00000000        0x0 src/freertos.o
 .bss           0x00000000        0x0 src/freertos.o
 .text          0x00000000        0x0 FreeRTOS/Source/CMSIS_RTOS/cmsis_os.o
 .data          0x00000000        0x0 FreeRTOS/Source/CMSIS_RTOS/cmsis_os.o
 .bss           0x00000000        0x0 FreeRTOS/Source/CMSIS_RTOS/cmsis_os.o
 .text.makeCmsisPriority
                0x00000000       0x2c FreeRTOS/Source/CMSIS_RTOS/cmsis_os.o
 .text.inHandlerMode
                0x00000000       0x24 FreeRTOS/Source/CMSIS_RTOS/cmsis_os.o
 .text.osKernelRunning
                0x00000000       0x18 FreeRTOS/Source/CMSIS_RTOS/cmsis_os.o
 .text.osKernelSysTick
                0x00000000       0x20 FreeRTOS/Source/CMSIS_RTOS/cmsis_os.o
 .text.osThreadGetId
                0x00000000       0x10 FreeRTOS/Source/CMSIS_RTOS/cmsis_os.o
 .text.osThreadTerminate
                0x00000000       0x18 FreeRTOS/Source/CMSIS_RTOS/cmsis_os.o
 .text.osThreadYield
                0x00000000       0x10 FreeRTOS/Source/CMSIS_RTOS/cmsis_os.o
 .text.osThreadSetPriority
                0x00000000       0x2c FreeRTOS/Source/CMSIS_RTOS/cmsis_os.o
 .text.osThreadGetPriority
                0x00000000       0x40 FreeRTOS/Source/CMSIS_RTOS/cmsis_os.o
 .text.osTimerCreate
                0x00000000       0x1c FreeRTOS/Source/CMSIS_RTOS/cmsis_os.o
 .text.osTimerStart
                0x00000000       0x20 FreeRTOS/Source/CMSIS_RTOS/cmsis_os.o
 .text.osTimerStop
                0x00000000       0x20 FreeRTOS/Source/CMSIS_RTOS/cmsis_os.o
 .text.osTimerDelete
                0x00000000       0x20 FreeRTOS/Source/CMSIS_RTOS/cmsis_os.o
 .text.osSignalSet
                0x00000000       0x68 FreeRTOS/Source/CMSIS_RTOS/cmsis_os.o
 .text.osSignalWait
                0x00000000       0xa8 FreeRTOS/Source/CMSIS_RTOS/cmsis_os.o
 .text.osMutexCreate
                0x00000000       0x18 FreeRTOS/Source/CMSIS_RTOS/cmsis_os.o
 .text.osMutexWait
                0x00000000       0xa4 FreeRTOS/Source/CMSIS_RTOS/cmsis_os.o
 .text.osMutexRelease
                0x00000000       0x64 FreeRTOS/Source/CMSIS_RTOS/cmsis_os.o
 .text.osMutexDelete
                0x00000000       0x28 FreeRTOS/Source/CMSIS_RTOS/cmsis_os.o
 .text.osSemaphoreCreate
                0x00000000       0x48 FreeRTOS/Source/CMSIS_RTOS/cmsis_os.o
 .text.osSemaphoreWait
                0x00000000       0xa4 FreeRTOS/Source/CMSIS_RTOS/cmsis_os.o
 .text.osSemaphoreRelease
                0x00000000       0x64 FreeRTOS/Source/CMSIS_RTOS/cmsis_os.o
 .text.osSemaphoreDelete
                0x00000000       0x28 FreeRTOS/Source/CMSIS_RTOS/cmsis_os.o
 .text.osPoolCreate
                0x00000000       0xbc FreeRTOS/Source/CMSIS_RTOS/cmsis_os.o
 .text.osPoolAlloc
                0x00000000       0xb0 FreeRTOS/Source/CMSIS_RTOS/cmsis_os.o
 .text.osPoolCAlloc
                0x00000000       0x2c FreeRTOS/Source/CMSIS_RTOS/cmsis_os.o
 .text.osPoolFree
                0x00000000       0x84 FreeRTOS/Source/CMSIS_RTOS/cmsis_os.o
 .text.osMessageCreate
                0x00000000       0x28 FreeRTOS/Source/CMSIS_RTOS/cmsis_os.o
 .text.osMessagePut
                0x00000000       0x8c FreeRTOS/Source/CMSIS_RTOS/cmsis_os.o
 .text.osMessageGet
                0x00000000       0xf0 FreeRTOS/Source/CMSIS_RTOS/cmsis_os.o
 .text.osMailCreate
                0x00000000       0xc4 FreeRTOS/Source/CMSIS_RTOS/cmsis_os.o
 .text.osMailAlloc
                0x00000000       0x2c FreeRTOS/Source/CMSIS_RTOS/cmsis_os.o
 .text.osMailCAlloc
                0x00000000       0x40 FreeRTOS/Source/CMSIS_RTOS/cmsis_os.o
 .text.osMailPut
                0x00000000       0x7c FreeRTOS/Source/CMSIS_RTOS/cmsis_os.o
 .text.osMailGet
                0x00000000       0xf4 FreeRTOS/Source/CMSIS_RTOS/cmsis_os.o
 .text.osMailFree
                0x00000000       0x2c FreeRTOS/Source/CMSIS_RTOS/cmsis_os.o
 .text.osSystickHandler
                0x00000000       0x14 FreeRTOS/Source/CMSIS_RTOS/cmsis_os.o
 .text.osThreadSuspend
                0x00000000       0x18 FreeRTOS/Source/CMSIS_RTOS/cmsis_os.o
 .text.osThreadResume
                0x00000000       0x3c FreeRTOS/Source/CMSIS_RTOS/cmsis_os.o
 .text.osThreadSuspendAll
                0x00000000       0x10 FreeRTOS/Source/CMSIS_RTOS/cmsis_os.o
 .text.osThreadResumeAll
                0x00000000       0x18 FreeRTOS/Source/CMSIS_RTOS/cmsis_os.o
 .text.osDelayUntil
                0x00000000       0x18 FreeRTOS/Source/CMSIS_RTOS/cmsis_os.o
 .text.osThreadList
                0x00000000       0x18 FreeRTOS/Source/CMSIS_RTOS/cmsis_os.o
 .text.osMessagePeek
                0x00000000       0xa4 FreeRTOS/Source/CMSIS_RTOS/cmsis_os.o
 .text.osRecursiveMutexCreate
                0x00000000       0x18 FreeRTOS/Source/CMSIS_RTOS/cmsis_os.o
 .text.osRecursiveMutexRelease
                0x00000000       0x28 FreeRTOS/Source/CMSIS_RTOS/cmsis_os.o
 .text.osRecursiveMutexWait
                0x00000000       0x64 FreeRTOS/Source/CMSIS_RTOS/cmsis_os.o
 .text          0x00000000        0x0 FreeRTOS/Source/list.o
 .data          0x00000000        0x0 FreeRTOS/Source/list.o
 .bss           0x00000000        0x0 FreeRTOS/Source/list.o
 .text          0x00000000        0x0 FreeRTOS/Source/timers.o
 .data          0x00000000        0x0 FreeRTOS/Source/timers.o
 .bss           0x00000000        0x0 FreeRTOS/Source/timers.o
 .debug_info    0x00000000       0x72 FreeRTOS/Source/timers.o
 .debug_abbrev  0x00000000       0x26 FreeRTOS/Source/timers.o
 .debug_aranges
                0x00000000       0x18 FreeRTOS/Source/timers.o
 .debug_line    0x00000000       0x1d FreeRTOS/Source/timers.o
 .debug_str     0x00000000      0x189 FreeRTOS/Source/timers.o
 .comment       0x00000000       0x71 FreeRTOS/Source/timers.o
 .ARM.attributes
                0x00000000       0x33 FreeRTOS/Source/timers.o
 .text          0x00000000        0x0 FreeRTOS/Source/queue.o
 .data          0x00000000        0x0 FreeRTOS/Source/queue.o
 .bss           0x00000000        0x0 FreeRTOS/Source/queue.o
 .text.xQueueGenericReset
                0x00000000       0xb0 FreeRTOS/Source/queue.o
 .text.xQueueGenericCreate
                0x00000000       0x9c FreeRTOS/Source/queue.o
 .text.xQueueCreateMutex
                0x00000000       0x90 FreeRTOS/Source/queue.o
 .text.xQueueGiveMutexRecursive
                0x00000000       0x58 FreeRTOS/Source/queue.o
 .text.xQueueTakeMutexRecursive
                0x00000000       0x60 FreeRTOS/Source/queue.o
 .text.xQueueCreateCountingSemaphore
                0x00000000       0x54 FreeRTOS/Source/queue.o
 .text.xQueueGenericSend
                0x00000000      0x18c FreeRTOS/Source/queue.o
 .text.xQueueGenericSendFromISR
                0x00000000       0xd4 FreeRTOS/Source/queue.o
 .text.xQueueGiveFromISR
                0x00000000       0xbc FreeRTOS/Source/queue.o
 .text.xQueueGenericReceive
                0x00000000      0x1bc FreeRTOS/Source/queue.o
 .text.xQueueReceiveFromISR
                0x00000000       0xb4 FreeRTOS/Source/queue.o
 .text.xQueuePeekFromISR
                0x00000000       0x88 FreeRTOS/Source/queue.o
 .text.uxQueueMessagesWaiting
                0x00000000       0x2c FreeRTOS/Source/queue.o
 .text.uxQueueSpacesAvailable
                0x00000000       0x38 FreeRTOS/Source/queue.o
 .text.uxQueueMessagesWaitingFromISR
                0x00000000       0x24 FreeRTOS/Source/queue.o
 .text.vQueueDelete
                0x00000000       0x2c FreeRTOS/Source/queue.o
 .text.uxQueueGetQueueNumber
                0x00000000       0x18 FreeRTOS/Source/queue.o
 .text.vQueueSetQueueNumber
                0x00000000       0x1c FreeRTOS/Source/queue.o
 .text.ucQueueGetQueueType
                0x00000000       0x1c FreeRTOS/Source/queue.o
 .text.prvCopyDataToQueue
                0x00000000       0xdc FreeRTOS/Source/queue.o
 .text.prvCopyDataFromQueue
                0x00000000       0x4c FreeRTOS/Source/queue.o
 .text.prvUnlockQueue
                0x00000000       0x98 FreeRTOS/Source/queue.o
 .text.prvIsQueueEmpty
                0x00000000       0x2c FreeRTOS/Source/queue.o
 .text.xQueueIsQueueEmptyFromISR
                0x00000000       0x30 FreeRTOS/Source/queue.o
 .text.prvIsQueueFull
                0x00000000       0x30 FreeRTOS/Source/queue.o
 .text.xQueueIsQueueFullFromISR
                0x00000000       0x34 FreeRTOS/Source/queue.o
 .text.vQueueAddToRegistry
                0x00000000       0x50 FreeRTOS/Source/queue.o
 .text.vQueueUnregisterQueue
                0x00000000       0x44 FreeRTOS/Source/queue.o
 .debug_info    0x00000000      0xc01 FreeRTOS/Source/queue.o
 .debug_abbrev  0x00000000      0x18f FreeRTOS/Source/queue.o
 .debug_aranges
                0x00000000       0xf8 FreeRTOS/Source/queue.o
 .debug_ranges  0x00000000       0xe8 FreeRTOS/Source/queue.o
 .debug_line    0x00000000      0x769 FreeRTOS/Source/queue.o
 .debug_str     0x00000000      0x780 FreeRTOS/Source/queue.o
 .comment       0x00000000       0x71 FreeRTOS/Source/queue.o
 .debug_frame   0x00000000      0x41c FreeRTOS/Source/queue.o
 .ARM.attributes
                0x00000000       0x33 FreeRTOS/Source/queue.o
 COMMON         0x00000000       0x40 FreeRTOS/Source/queue.o
 .text          0x00000000        0x0 FreeRTOS/Source/croutine.o
 .data          0x00000000        0x0 FreeRTOS/Source/croutine.o
 .bss           0x00000000        0x0 FreeRTOS/Source/croutine.o
 .debug_info    0x00000000       0x72 FreeRTOS/Source/croutine.o
 .debug_abbrev  0x00000000       0x26 FreeRTOS/Source/croutine.o
 .debug_aranges
                0x00000000       0x18 FreeRTOS/Source/croutine.o
 .debug_line    0x00000000       0x1d FreeRTOS/Source/croutine.o
 .debug_str     0x00000000      0x18b FreeRTOS/Source/croutine.o
 .comment       0x00000000       0x71 FreeRTOS/Source/croutine.o
 .ARM.attributes
                0x00000000       0x33 FreeRTOS/Source/croutine.o
 .text          0x00000000        0x0 FreeRTOS/Source/event_groups.o
 .data          0x00000000        0x0 FreeRTOS/Source/event_groups.o
 .bss           0x00000000        0x0 FreeRTOS/Source/event_groups.o
 .text.xEventGroupCreate
                0x00000000       0x30 FreeRTOS/Source/event_groups.o
 .text.xEventGroupSync
                0x00000000      0x11c FreeRTOS/Source/event_groups.o
 .text.xEventGroupWaitBits
                0x00000000      0x14c FreeRTOS/Source/event_groups.o
 .text.xEventGroupClearBits
                0x00000000       0x50 FreeRTOS/Source/event_groups.o
 .text.xEventGroupGetBitsFromISR
                0x00000000       0x28 FreeRTOS/Source/event_groups.o
 .text.xEventGroupSetBits
                0x00000000       0xf8 FreeRTOS/Source/event_groups.o
 .text.vEventGroupDelete
                0x00000000       0x50 FreeRTOS/Source/event_groups.o
 .text.vEventGroupSetBitsCallback
                0x00000000       0x18 FreeRTOS/Source/event_groups.o
 .text.vEventGroupClearBitsCallback
                0x00000000       0x18 FreeRTOS/Source/event_groups.o
 .text.prvTestWaitCondition
                0x00000000       0x44 FreeRTOS/Source/event_groups.o
 .text.uxEventGroupGetNumber
                0x00000000       0x2c FreeRTOS/Source/event_groups.o
 .debug_info    0x00000000      0x65e FreeRTOS/Source/event_groups.o
 .debug_abbrev  0x00000000      0x137 FreeRTOS/Source/event_groups.o
 .debug_aranges
                0x00000000       0x70 FreeRTOS/Source/event_groups.o
 .debug_ranges  0x00000000       0x60 FreeRTOS/Source/event_groups.o
 .debug_line    0x00000000      0x33b FreeRTOS/Source/event_groups.o
 .debug_str     0x00000000      0x52c FreeRTOS/Source/event_groups.o
 .comment       0x00000000       0x71 FreeRTOS/Source/event_groups.o
 .debug_frame   0x00000000      0x1a4 FreeRTOS/Source/event_groups.o
 .ARM.attributes
                0x00000000       0x33 FreeRTOS/Source/event_groups.o
 .text          0x00000000        0x0 FreeRTOS/Source/tasks.o
 .data          0x00000000        0x0 FreeRTOS/Source/tasks.o
 .bss           0x00000000        0x0 FreeRTOS/Source/tasks.o
 .text.vTaskDelete
                0x00000000       0xe8 FreeRTOS/Source/tasks.o
 .text.uxTaskPriorityGet
                0x00000000       0x34 FreeRTOS/Source/tasks.o
 .text.uxTaskPriorityGetFromISR
                0x00000000       0x3c FreeRTOS/Source/tasks.o
 .text.vTaskPrioritySet
                0x00000000      0x140 FreeRTOS/Source/tasks.o
 .text.vTaskSuspend
                0x00000000       0xf0 FreeRTOS/Source/tasks.o
 .text.prvTaskIsTaskSuspended
                0x00000000       0x64 FreeRTOS/Source/tasks.o
 .text.vTaskResume
                0x00000000       0x9c FreeRTOS/Source/tasks.o
 .text.xTaskResumeFromISR
                0x00000000       0xbc FreeRTOS/Source/tasks.o
 .text.vTaskEndScheduler
                0x00000000       0x18 FreeRTOS/Source/tasks.o
 .text.xTaskGetTickCount
                0x00000000       0x20 FreeRTOS/Source/tasks.o
 .text.xTaskGetTickCountFromISR
                0x00000000       0x24 FreeRTOS/Source/tasks.o
 .text.uxTaskGetNumberOfTasks
                0x00000000       0x18 FreeRTOS/Source/tasks.o
 .text.uxTaskGetSystemState
                0x00000000       0xfc FreeRTOS/Source/tasks.o
 .text.vTaskPlaceOnEventList
                0x00000000       0x8c FreeRTOS/Source/tasks.o
 .text.vTaskPlaceOnUnorderedEventList
                0x00000000       0xac FreeRTOS/Source/tasks.o
 .text.xTaskRemoveFromEventList
                0x00000000       0xbc FreeRTOS/Source/tasks.o
 .text.xTaskRemoveFromUnorderedEventList
                0x00000000       0xb4 FreeRTOS/Source/tasks.o
 .text.vTaskSetTimeOutState
                0x00000000       0x34 FreeRTOS/Source/tasks.o
 .text.xTaskCheckForTimeOut
                0x00000000       0xa0 FreeRTOS/Source/tasks.o
 .text.vTaskMissedYield
                0x00000000       0x18 FreeRTOS/Source/tasks.o
 .text.uxTaskGetTaskNumber
                0x00000000       0x2c FreeRTOS/Source/tasks.o
 .text.vTaskSetTaskNumber
                0x00000000       0x24 FreeRTOS/Source/tasks.o
 .text.prvListTaskWithinSingleList
                0x00000000      0x118 FreeRTOS/Source/tasks.o
 .text.prvTaskCheckFreeStackSpace
                0x00000000       0x38 FreeRTOS/Source/tasks.o
 .text.xTaskGetCurrentTaskHandle
                0x00000000       0x20 FreeRTOS/Source/tasks.o
 .text.xTaskGetSchedulerState
                0x00000000       0x3c FreeRTOS/Source/tasks.o
 .text.vTaskPriorityInherit
                0x00000000       0xf0 FreeRTOS/Source/tasks.o
 .text.xTaskPriorityDisinherit
                0x00000000       0xf0 FreeRTOS/Source/tasks.o
 .text.uxTaskResetEventItemValue
                0x00000000       0x30 FreeRTOS/Source/tasks.o
 .text.pvTaskIncrementMutexHeldCount
                0x00000000       0x28 FreeRTOS/Source/tasks.o
 .text.ulTaskNotifyTake
                0x00000000       0xd8 FreeRTOS/Source/tasks.o
 .text.xTaskNotifyWait
                0x00000000       0xfc FreeRTOS/Source/tasks.o
 .text.xTaskGenericNotify
                0x00000000      0x11c FreeRTOS/Source/tasks.o
 .text.xTaskNotifyFromISR
                0x00000000      0x13c FreeRTOS/Source/tasks.o
 .text.vTaskNotifyGiveFromISR
                0x00000000       0xe0 FreeRTOS/Source/tasks.o
 .text          0x00000000        0x0 FreeRTOS/Source/portable/GCC/ARM_CM3/port.o
 .data          0x00000000        0x0 FreeRTOS/Source/portable/GCC/ARM_CM3/port.o
 .bss           0x00000000        0x0 FreeRTOS/Source/portable/GCC/ARM_CM3/port.o
 .rodata.pcInterruptPriorityRegisters
                0x00000000        0x4 FreeRTOS/Source/portable/GCC/ARM_CM3/port.o
 .text.vPortEndScheduler
                0x00000000       0x1c FreeRTOS/Source/portable/GCC/ARM_CM3/port.o
 .text.vPortValidateInterruptPriority
                0x00000000       0x58 FreeRTOS/Source/portable/GCC/ARM_CM3/port.o
 .text          0x00000000        0x0 FreeRTOS/Source/portable/MemMang/heap_4.o
 .data          0x00000000        0x0 FreeRTOS/Source/portable/MemMang/heap_4.o
 .bss           0x00000000        0x0 FreeRTOS/Source/portable/MemMang/heap_4.o
 .rodata.xHeapStructSize
                0x00000000        0x4 FreeRTOS/Source/portable/MemMang/heap_4.o
 .text.xPortGetFreeHeapSize
                0x00000000       0x18 FreeRTOS/Source/portable/MemMang/heap_4.o
 .text.xPortGetMinimumEverFreeHeapSize
                0x00000000       0x18 FreeRTOS/Source/portable/MemMang/heap_4.o
 .text.vPortInitialiseBlocks
                0x00000000        0xc FreeRTOS/Source/portable/MemMang/heap_4.o
 .text          0x00000000        0x0 /opt/gcc-arm-none-eabi-4_9-2015q3/bin/../lib/gcc/arm-none-eabi/4.9.3/../../../../arm-none-eabi/lib/armv7-m/libc.a(lib_a-errno.o)
 .data          0x00000000        0x0 /opt/gcc-arm-none-eabi-4_9-2015q3/bin/../lib/gcc/arm-none-eabi/4.9.3/../../../../arm-none-eabi/lib/armv7-m/libc.a(lib_a-errno.o)
 .bss           0x00000000        0x0 /opt/gcc-arm-none-eabi-4_9-2015q3/bin/../lib/gcc/arm-none-eabi/4.9.3/../../../../arm-none-eabi/lib/armv7-m/libc.a(lib_a-errno.o)
 .text.__errno  0x00000000        0xc /opt/gcc-arm-none-eabi-4_9-2015q3/bin/../lib/gcc/arm-none-eabi/4.9.3/../../../../arm-none-eabi/lib/armv7-m/libc.a(lib_a-errno.o)
 .debug_frame   0x00000000       0x20 /opt/gcc-arm-none-eabi-4_9-2015q3/bin/../lib/gcc/arm-none-eabi/4.9.3/../../../../arm-none-eabi/lib/armv7-m/libc.a(lib_a-errno.o)
 .ARM.attributes
                0x00000000       0x2d /opt/gcc-arm-none-eabi-4_9-2015q3/bin/../lib/gcc/arm-none-eabi/4.9.3/../../../../arm-none-eabi/lib/armv7-m/libc.a(lib_a-errno.o)
 .text          0x00000000        0x0 /opt/gcc-arm-none-eabi-4_9-2015q3/bin/../lib/gcc/arm-none-eabi/4.9.3/../../../../arm-none-eabi/lib/armv7-m/libc.a(lib_a-exit.o)
 .data          0x00000000        0x0 /opt/gcc-arm-none-eabi-4_9-2015q3/bin/../lib/gcc/arm-none-eabi/4.9.3/../../../../arm-none-eabi/lib/armv7-m/libc.a(lib_a-exit.o)
 .bss           0x00000000        0x0 /opt/gcc-arm-none-eabi-4_9-2015q3/bin/../lib/gcc/arm-none-eabi/4.9.3/../../../../arm-none-eabi/lib/armv7-m/libc.a(lib_a-exit.o)
 .text.exit     0x00000000       0x20 /opt/gcc-arm-none-eabi-4_9-2015q3/bin/../lib/gcc/arm-none-eabi/4.9.3/../../../../arm-none-eabi/lib/armv7-m/libc.a(lib_a-exit.o)
 .debug_frame   0x00000000       0x28 /opt/gcc-arm-none-eabi-4_9-2015q3/bin/../lib/gcc/arm-none-eabi/4.9.3/../../../../arm-none-eabi/lib/armv7-m/libc.a(lib_a-exit.o)
 .ARM.attributes
                0x00000000       0x2d /opt/gcc-arm-none-eabi-4_9-2015q3/bin/../lib/gcc/arm-none-eabi/4.9.3/../../../../arm-none-eabi/lib/armv7-m/libc.a(lib_a-exit.o)
 .text          0x00000000        0x0 /opt/gcc-arm-none-eabi-4_9-2015q3/bin/../lib/gcc/arm-none-eabi/4.9.3/../../../../arm-none-eabi/lib/armv7-m/libc.a(lib_a-impure.o)
 .data          0x00000000        0x0 /opt/gcc-arm-none-eabi-4_9-2015q3/bin/../lib/gcc/arm-none-eabi/4.9.3/../../../../arm-none-eabi/lib/armv7-m/libc.a(lib_a-impure.o)
 .bss           0x00000000        0x0 /opt/gcc-arm-none-eabi-4_9-2015q3/bin/../lib/gcc/arm-none-eabi/4.9.3/../../../../arm-none-eabi/lib/armv7-m/libc.a(lib_a-impure.o)
 .data._impure_ptr
                0x00000000        0x4 /opt/gcc-arm-none-eabi-4_9-2015q3/bin/../lib/gcc/arm-none-eabi/4.9.3/../../../../arm-none-eabi/lib/armv7-m/libc.a(lib_a-impure.o)
 .ARM.attributes
                0x00000000       0x2d /opt/gcc-arm-none-eabi-4_9-2015q3/bin/../lib/gcc/arm-none-eabi/4.9.3/../../../../arm-none-eabi/lib/armv7-m/libc.a(lib_a-impure.o)
 .text          0x00000000        0x0 /opt/gcc-arm-none-eabi-4_9-2015q3/bin/../lib/gcc/arm-none-eabi/4.9.3/../../../../arm-none-eabi/lib/armv7-m/libc.a(lib_a-init.o)
 .data          0x00000000        0x0 /opt/gcc-arm-none-eabi-4_9-2015q3/bin/../lib/gcc/arm-none-eabi/4.9.3/../../../../arm-none-eabi/lib/armv7-m/libc.a(lib_a-init.o)
 .bss           0x00000000        0x0 /opt/gcc-arm-none-eabi-4_9-2015q3/bin/../lib/gcc/arm-none-eabi/4.9.3/../../../../arm-none-eabi/lib/armv7-m/libc.a(lib_a-init.o)
 .debug_frame   0x00000000       0x2c /opt/gcc-arm-none-eabi-4_9-2015q3/bin/../lib/gcc/arm-none-eabi/4.9.3/../../../../arm-none-eabi/lib/armv7-m/libc.a(lib_a-init.o)
 .ARM.attributes
                0x00000000       0x2d /opt/gcc-arm-none-eabi-4_9-2015q3/bin/../lib/gcc/arm-none-eabi/4.9.3/../../../../arm-none-eabi/lib/armv7-m/libc.a(lib_a-init.o)
 .text          0x00000000       0xec /opt/gcc-arm-none-eabi-4_9-2015q3/bin/../lib/gcc/arm-none-eabi/4.9.3/../../../../arm-none-eabi/lib/armv7-m/libc.a(lib_a-memcpy.o)
 .data          0x00000000        0x0 /opt/gcc-arm-none-eabi-4_9-2015q3/bin/../lib/gcc/arm-none-eabi/4.9.3/../../../../arm-none-eabi/lib/armv7-m/libc.a(lib_a-memcpy.o)
 .bss           0x00000000        0x0 /opt/gcc-arm-none-eabi-4_9-2015q3/bin/../lib/gcc/arm-none-eabi/4.9.3/../../../../arm-none-eabi/lib/armv7-m/libc.a(lib_a-memcpy.o)
 .ARM.attributes
                0x00000000       0x1b /opt/gcc-arm-none-eabi-4_9-2015q3/bin/../lib/gcc/arm-none-eabi/4.9.3/../../../../arm-none-eabi/lib/armv7-m/libc.a(lib_a-memcpy.o)
 .text          0x00000000        0x0 /opt/gcc-arm-none-eabi-4_9-2015q3/bin/../lib/gcc/arm-none-eabi/4.9.3/../../../../arm-none-eabi/lib/armv7-m/libc.a(lib_a-memset.o)
 .data          0x00000000        0x0 /opt/gcc-arm-none-eabi-4_9-2015q3/bin/../lib/gcc/arm-none-eabi/4.9.3/../../../../arm-none-eabi/lib/armv7-m/libc.a(lib_a-memset.o)
 .bss           0x00000000        0x0 /opt/gcc-arm-none-eabi-4_9-2015q3/bin/../lib/gcc/arm-none-eabi/4.9.3/../../../../arm-none-eabi/lib/armv7-m/libc.a(lib_a-memset.o)
 .debug_frame   0x00000000       0x34 /opt/gcc-arm-none-eabi-4_9-2015q3/bin/../lib/gcc/arm-none-eabi/4.9.3/../../../../arm-none-eabi/lib/armv7-m/libc.a(lib_a-memset.o)
 .ARM.attributes
                0x00000000       0x2d /opt/gcc-arm-none-eabi-4_9-2015q3/bin/../lib/gcc/arm-none-eabi/4.9.3/../../../../arm-none-eabi/lib/armv7-m/libc.a(lib_a-memset.o)
 .text          0x00000000        0x0 /opt/gcc-arm-none-eabi-4_9-2015q3/bin/../lib/gcc/arm-none-eabi/4.9.3/../../../../arm-none-eabi/lib/armv7-m/libc.a(lib_a-__call_atexit.o)
 .data          0x00000000        0x0 /opt/gcc-arm-none-eabi-4_9-2015q3/bin/../lib/gcc/arm-none-eabi/4.9.3/../../../../arm-none-eabi/lib/armv7-m/libc.a(lib_a-__call_atexit.o)
 .bss           0x00000000        0x0 /opt/gcc-arm-none-eabi-4_9-2015q3/bin/../lib/gcc/arm-none-eabi/4.9.3/../../../../arm-none-eabi/lib/armv7-m/libc.a(lib_a-__call_atexit.o)
 .text.__call_exitprocs
                0x00000000       0xd4 /opt/gcc-arm-none-eabi-4_9-2015q3/bin/../lib/gcc/arm-none-eabi/4.9.3/../../../../arm-none-eabi/lib/armv7-m/libc.a(lib_a-__call_atexit.o)
 .debug_frame   0x00000000       0x50 /opt/gcc-arm-none-eabi-4_9-2015q3/bin/../lib/gcc/arm-none-eabi/4.9.3/../../../../arm-none-eabi/lib/armv7-m/libc.a(lib_a-__call_atexit.o)
 .ARM.attributes
                0x00000000       0x2d /opt/gcc-arm-none-eabi-4_9-2015q3/bin/../lib/gcc/arm-none-eabi/4.9.3/../../../../arm-none-eabi/lib/armv7-m/libc.a(lib_a-__call_atexit.o)
 .text          0x00000000        0x0 /opt/gcc-arm-none-eabi-4_9-2015q3/bin/../lib/gcc/arm-none-eabi/4.9.3/../../../../arm-none-eabi/lib/armv7-m/libc.a(lib_a-atexit.o)
 .data          0x00000000        0x0 /opt/gcc-arm-none-eabi-4_9-2015q3/bin/../lib/gcc/arm-none-eabi/4.9.3/../../../../arm-none-eabi/lib/armv7-m/libc.a(lib_a-atexit.o)
 .bss           0x00000000        0x0 /opt/gcc-arm-none-eabi-4_9-2015q3/bin/../lib/gcc/arm-none-eabi/4.9.3/../../../../arm-none-eabi/lib/armv7-m/libc.a(lib_a-atexit.o)
 .debug_frame   0x00000000       0x20 /opt/gcc-arm-none-eabi-4_9-2015q3/bin/../lib/gcc/arm-none-eabi/4.9.3/../../../../arm-none-eabi/lib/armv7-m/libc.a(lib_a-atexit.o)
 .ARM.attributes
                0x00000000       0x2d /opt/gcc-arm-none-eabi-4_9-2015q3/bin/../lib/gcc/arm-none-eabi/4.9.3/../../../../arm-none-eabi/lib/armv7-m/libc.a(lib_a-atexit.o)
 .text          0x00000000        0x0 /opt/gcc-arm-none-eabi-4_9-2015q3/bin/../lib/gcc/arm-none-eabi/4.9.3/../../../../arm-none-eabi/lib/armv7-m/libc.a(lib_a-fini.o)
 .data          0x00000000        0x0 /opt/gcc-arm-none-eabi-4_9-2015q3/bin/../lib/gcc/arm-none-eabi/4.9.3/../../../../arm-none-eabi/lib/armv7-m/libc.a(lib_a-fini.o)
 .bss           0x00000000        0x0 /opt/gcc-arm-none-eabi-4_9-2015q3/bin/../lib/gcc/arm-none-eabi/4.9.3/../../../../arm-none-eabi/lib/armv7-m/libc.a(lib_a-fini.o)
 .debug_frame   0x00000000       0x34 /opt/gcc-arm-none-eabi-4_9-2015q3/bin/../lib/gcc/arm-none-eabi/4.9.3/../../../../arm-none-eabi/lib/armv7-m/libc.a(lib_a-fini.o)
 .ARM.attributes
                0x00000000       0x2d /opt/gcc-arm-none-eabi-4_9-2015q3/bin/../lib/gcc/arm-none-eabi/4.9.3/../../../../arm-none-eabi/lib/armv7-m/libc.a(lib_a-fini.o)
 .text          0x00000000        0x0 /opt/gcc-arm-none-eabi-4_9-2015q3/bin/../lib/gcc/arm-none-eabi/4.9.3/../../../../arm-none-eabi/lib/armv7-m/libc.a(lib_a-__atexit.o)
 .data          0x00000000        0x0 /opt/gcc-arm-none-eabi-4_9-2015q3/bin/../lib/gcc/arm-none-eabi/4.9.3/../../../../arm-none-eabi/lib/armv7-m/libc.a(lib_a-__atexit.o)
 .bss           0x00000000        0x0 /opt/gcc-arm-none-eabi-4_9-2015q3/bin/../lib/gcc/arm-none-eabi/4.9.3/../../../../arm-none-eabi/lib/armv7-m/libc.a(lib_a-__atexit.o)
 .debug_frame   0x00000000       0x34 /opt/gcc-arm-none-eabi-4_9-2015q3/bin/../lib/gcc/arm-none-eabi/4.9.3/../../../../arm-none-eabi/lib/armv7-m/libc.a(lib_a-__atexit.o)
 .ARM.attributes
                0x00000000       0x2d /opt/gcc-arm-none-eabi-4_9-2015q3/bin/../lib/gcc/arm-none-eabi/4.9.3/../../../../arm-none-eabi/lib/armv7-m/libc.a(lib_a-__atexit.o)
 .text          0x00000000        0x0 /opt/gcc-arm-none-eabi-4_9-2015q3/bin/../lib/gcc/arm-none-eabi/4.9.3/armv7-m/crtend.o
 .data          0x00000000        0x0 /opt/gcc-arm-none-eabi-4_9-2015q3/bin/../lib/gcc/arm-none-eabi/4.9.3/armv7-m/crtend.o
 .bss           0x00000000        0x0 /opt/gcc-arm-none-eabi-4_9-2015q3/bin/../lib/gcc/arm-none-eabi/4.9.3/armv7-m/crtend.o
 .eh_frame      0x00000000        0x4 /opt/gcc-arm-none-eabi-4_9-2015q3/bin/../lib/gcc/arm-none-eabi/4.9.3/armv7-m/crtend.o
 .jcr           0x00000000        0x4 /opt/gcc-arm-none-eabi-4_9-2015q3/bin/../lib/gcc/arm-none-eabi/4.9.3/armv7-m/crtend.o
 .ARM.attributes
                0x00000000       0x2d /opt/gcc-arm-none-eabi-4_9-2015q3/bin/../lib/gcc/arm-none-eabi/4.9.3/armv7-m/crtend.o
 .text          0x00000000        0x0 /opt/gcc-arm-none-eabi-4_9-2015q3/bin/../lib/gcc/arm-none-eabi/4.9.3/armv7-m/crtn.o
 .data          0x00000000        0x0 /opt/gcc-arm-none-eabi-4_9-2015q3/bin/../lib/gcc/arm-none-eabi/4.9.3/armv7-m/crtn.o
 .bss           0x00000000        0x0 /opt/gcc-arm-none-eabi-4_9-2015q3/bin/../lib/gcc/arm-none-eabi/4.9.3/armv7-m/crtn.o

Memory Configuration

Name             Origin             Length             Attributes
FLASH            0x08000000         0x00020000         xr
RAM              0x20000000         0x00005000         xrw
*default*        0x00000000         0xffffffff

Linker script and memory map

LOAD /opt/gcc-arm-none-eabi-4_9-2015q3/bin/../lib/gcc/arm-none-eabi/4.9.3/armv7-m/crti.o
LOAD /opt/gcc-arm-none-eabi-4_9-2015q3/bin/../lib/gcc/arm-none-eabi/4.9.3/armv7-m/crtbegin.o
LOAD /opt/gcc-arm-none-eabi-4_9-2015q3/bin/../lib/gcc/arm-none-eabi/4.9.3/../../../../arm-none-eabi/lib/armv7-m/crt0.o
LOAD src/startup_stm32f10x_md.o
LOAD src/system_stm32f10x.o
LOAD src/main.o
LOAD src/leds.o
LOAD src/syscalls.o
LOAD Libraries/STM32F10x_StdPeriph_Driver/src/stm32f10x_usart.o
LOAD Libraries/STM32F10x_StdPeriph_Driver/src/stm32f10x_rcc.o
LOAD Libraries/STM32F10x_StdPeriph_Driver/src/stm32f10x_pwr.o
LOAD Libraries/STM32F10x_StdPeriph_Driver/src/stm32f10x_adc.o
LOAD Libraries/STM32F10x_StdPeriph_Driver/src/stm32f10x_dma.o
LOAD Libraries/STM32F10x_StdPeriph_Driver/src/misc.o
LOAD Libraries/STM32F10x_StdPeriph_Driver/src/stm32f10x_gpio.o
LOAD src/freertos.o
LOAD FreeRTOS/Source/CMSIS_RTOS/cmsis_os.o
LOAD FreeRTOS/Source/list.o
LOAD FreeRTOS/Source/timers.o
LOAD FreeRTOS/Source/queue.o
LOAD FreeRTOS/Source/croutine.o
LOAD FreeRTOS/Source/event_groups.o
LOAD FreeRTOS/Source/tasks.o
LOAD FreeRTOS/Source/portable/GCC/ARM_CM3/port.o
LOAD FreeRTOS/Source/portable/MemMang/heap_4.o
LOAD /opt/gcc-arm-none-eabi-4_9-2015q3/bin/../lib/gcc/arm-none-eabi/4.9.3/armv7-m/libgcc.a
                0x20005000                _estack = 0x20005000
                0x00000000                _Min_Heap_Size = 0x0
                0x00000400                _Min_Stack_Size = 0x400

.isr_vector     0x08000000      0x10c
                0x08000000                . = ALIGN (0x4)
 *(.isr_vector)
 .isr_vector    0x08000000      0x10c src/startup_stm32f10x_md.o
                0x08000000                g_pfnVectors
                0x0800010c                . = ALIGN (0x4)

.text           0x0800010c     0x1b4c
                0x0800010c                . = ALIGN (0x4)
 *(.text)
 .text          0x0800010c       0x5c /opt/gcc-arm-none-eabi-4_9-2015q3/bin/../lib/gcc/arm-none-eabi/4.9.3/armv7-m/crtbegin.o
 *(.text*)
 .text.Reset_Handler
                0x08000168       0x48 src/startup_stm32f10x_md.o
                0x08000168                Reset_Handler
 .text.Default_Handler
                0x080001b0        0x2 src/startup_stm32f10x_md.o
                0x080001b0                EXTI2_IRQHandler
                0x080001b0                DebugMon_Handler
                0x080001b0                TIM1_CC_IRQHandler
                0x080001b0                HardFault_Handler
                0x080001b0                PVD_IRQHandler
                0x080001b0                NMI_Handler
                0x080001b0                EXTI3_IRQHandler
                0x080001b0                EXTI0_IRQHandler
                0x080001b0                I2C2_EV_IRQHandler
                0x080001b0                UsageFault_Handler
                0x080001b0                ADC1_2_IRQHandler
                0x080001b0                SPI1_IRQHandler
                0x080001b0                TAMPER_IRQHandler
                0x080001b0                DMA1_Channel4_IRQHandler
                0x080001b0                USART3_IRQHandler
                0x080001b0                RTC_IRQHandler
                0x080001b0                DMA1_Channel7_IRQHandler
                0x080001b0                CAN1_RX1_IRQHandler
                0x080001b0                TIM4_IRQHandler
                0x080001b0                I2C1_EV_IRQHandler
                0x080001b0                DMA1_Channel6_IRQHandler
                0x080001b0                TIM3_IRQHandler
                0x080001b0                RCC_IRQHandler
                0x080001b0                TIM1_TRG_COM_IRQHandler
                0x080001b0                DMA1_Channel1_IRQHandler
                0x080001b0                Default_Handler
                0x080001b0                EXTI15_10_IRQHandler
                0x080001b0                EXTI9_5_IRQHandler
                0x080001b0                SPI2_IRQHandler
                0x080001b0                MemManage_Handler
                0x080001b0                DMA1_Channel5_IRQHandler
                0x080001b0                EXTI4_IRQHandler
                0x080001b0                USB_LP_CAN1_RX0_IRQHandler
                0x080001b0                USB_HP_CAN1_TX_IRQHandler
                0x080001b0                DMA1_Channel3_IRQHandler
                0x080001b0                TIM1_UP_IRQHandler
                0x080001b0                WWDG_IRQHandler
                0x080001b0                TIM2_IRQHandler
                0x080001b0                TIM1_BRK_IRQHandler
                0x080001b0                EXTI1_IRQHandler
                0x080001b0                RTCAlarm_IRQHandler
                0x080001b0                USART2_IRQHandler
                0x080001b0                I2C2_ER_IRQHandler
                0x080001b0                DMA1_Channel2_IRQHandler
                0x080001b0                CAN1_SCE_IRQHandler
                0x080001b0                FLASH_IRQHandler
                0x080001b0                BusFault_Handler
                0x080001b0                USART1_IRQHandler
                0x080001b0                I2C1_ER_IRQHandler
                0x080001b0                USBWakeUp_IRQHandler
 *fill*         0x080001b2        0x2 
 .text.SystemInit
                0x080001b4       0x68 src/system_stm32f10x.o
                0x080001b4                SystemInit
 .text.SetSysClock
                0x0800021c        0xc src/system_stm32f10x.o
 .text.SetSysClockTo72
                0x08000228      0x100 src/system_stm32f10x.o
 .text.StartDefaultTask
                0x08000328       0x18 src/main.o
                0x08000328                StartDefaultTask
 .text.main     0x08000340       0x34 src/main.o
                0x08000340                main
 .text.leds_init
                0x08000374       0x48 src/leds.o
                0x08000374                leds_init
 .text.led_toggle
                0x080003bc       0x54 src/leds.o
                0x080003bc                led_toggle
 .text.RCC_APB2PeriphClockCmd
                0x08000410       0x3c Libraries/STM32F10x_StdPeriph_Driver/src/stm32f10x_rcc.o
                0x08000410                RCC_APB2PeriphClockCmd
 .text.GPIO_Init
                0x0800044c      0x180 Libraries/STM32F10x_StdPeriph_Driver/src/stm32f10x_gpio.o
                0x0800044c                GPIO_Init
 .text.GPIO_SetBits
                0x080005cc       0x1c Libraries/STM32F10x_StdPeriph_Driver/src/stm32f10x_gpio.o
                0x080005cc                GPIO_SetBits
 .text.GPIO_ResetBits
                0x080005e8       0x1c Libraries/STM32F10x_StdPeriph_Driver/src/stm32f10x_gpio.o
                0x080005e8                GPIO_ResetBits
 .text.configureTimerForRunTimeStats
                0x08000604        0xc src/freertos.o
                0x08000604                configureTimerForRunTimeStats
 .text.getRunTimeCounterValue
                0x08000610       0x10 src/freertos.o
                0x08000610                getRunTimeCounterValue
 .text.vApplicationIdleHook
                0x08000620        0xc src/freertos.o
                0x08000620                vApplicationIdleHook
 .text.PreSleepProcessing
                0x0800062c       0x14 src/freertos.o
                0x0800062c                PreSleepProcessing
 .text.PostSleepProcessing
                0x08000640       0x14 src/freertos.o
                0x08000640                PostSleepProcessing
 .text.makeFreeRtosPriority
                0x08000654       0x30 FreeRTOS/Source/CMSIS_RTOS/cmsis_os.o
 .text.osKernelStart
                0x08000684       0x10 FreeRTOS/Source/CMSIS_RTOS/cmsis_os.o
                0x08000684                osKernelStart
 .text.osThreadCreate
                0x08000694       0x58 FreeRTOS/Source/CMSIS_RTOS/cmsis_os.o
                0x08000694                osThreadCreate
 .text.osDelay  0x080006ec       0x34 FreeRTOS/Source/CMSIS_RTOS/cmsis_os.o
                0x080006ec                osDelay
 .text.vListInitialise
                0x08000720       0x40 FreeRTOS/Source/list.o
                0x08000720                vListInitialise
 .text.vListInitialiseItem
                0x08000760       0x18 FreeRTOS/Source/list.o
                0x08000760                vListInitialiseItem
 .text.vListInsertEnd
                0x08000778       0x48 FreeRTOS/Source/list.o
                0x08000778                vListInsertEnd
 .text.vListInsert
                0x080007c0       0x70 FreeRTOS/Source/list.o
                0x080007c0                vListInsert
 .text.uxListRemove
                0x08000830       0x54 FreeRTOS/Source/list.o
                0x08000830                uxListRemove
 .text.xTaskGenericCreate
                0x08000884      0x168 FreeRTOS/Source/tasks.o
                0x08000884                xTaskGenericCreate
 .text.vTaskDelay
                0x080009ec       0x84 FreeRTOS/Source/tasks.o
                0x080009ec                vTaskDelay
 .text.vTaskStartScheduler
                0x08000a70       0x68 FreeRTOS/Source/tasks.o
                0x08000a70                vTaskStartScheduler
 .text.vTaskSuspendAll
                0x08000ad8       0x1c FreeRTOS/Source/tasks.o
                0x08000ad8                vTaskSuspendAll
 .text.prvGetExpectedIdleTime
                0x08000af4       0x50 FreeRTOS/Source/tasks.o
 .text.xTaskResumeAll
                0x08000b44      0x10c FreeRTOS/Source/tasks.o
                0x08000b44                xTaskResumeAll
 .text.vTaskStepTick
                0x08000c50       0x38 FreeRTOS/Source/tasks.o
                0x08000c50                vTaskStepTick
 .text.xTaskIncrementTick
                0x08000c88      0x170 FreeRTOS/Source/tasks.o
                0x08000c88                xTaskIncrementTick
 .text.vTaskSwitchContext
                0x08000df8       0xdc FreeRTOS/Source/tasks.o
                0x08000df8                vTaskSwitchContext
 .text.prvIdleTask
                0x08000ed4       0x64 FreeRTOS/Source/tasks.o
 .text.eTaskConfirmSleepModeStatus
                0x08000f38       0x5c FreeRTOS/Source/tasks.o
                0x08000f38                eTaskConfirmSleepModeStatus
 .text.prvInitialiseTCBVariables
                0x08000f94       0xac FreeRTOS/Source/tasks.o
 .text.prvInitialiseTaskLists
                0x08001040       0x7c FreeRTOS/Source/tasks.o
 .text.prvCheckTasksWaitingTermination
                0x080010bc       0x74 FreeRTOS/Source/tasks.o
 .text.prvAddCurrentTaskToDelayedList
                0x08001130       0x6c FreeRTOS/Source/tasks.o
 .text.prvAllocateTCBAndStack
                0x0800119c       0x70 FreeRTOS/Source/tasks.o
 .text.prvDeleteTCB
                0x0800120c       0x20 FreeRTOS/Source/tasks.o
 .text.prvResetNextTaskUnblockTime
                0x0800122c       0x48 FreeRTOS/Source/tasks.o
 .text.pxPortInitialiseStack
                0x08001274       0x58 FreeRTOS/Source/portable/GCC/ARM_CM3/port.o
                0x08001274                pxPortInitialiseStack
 .text.prvTaskExitError
                0x080012cc       0x20 FreeRTOS/Source/portable/GCC/ARM_CM3/port.o
 .text.SVC_Handler
                0x080012ec       0x24 FreeRTOS/Source/portable/GCC/ARM_CM3/port.o
                0x080012ec                SVC_Handler
 .text.prvPortStartFirstTask
                0x08001310       0x20 FreeRTOS/Source/portable/GCC/ARM_CM3/port.o
 .text.xPortStartScheduler
                0x08001330       0xbc FreeRTOS/Source/portable/GCC/ARM_CM3/port.o
                0x08001330                xPortStartScheduler
 .text.vPortYield
                0x080013ec       0x20 FreeRTOS/Source/portable/GCC/ARM_CM3/port.o
                0x080013ec                vPortYield
 .text.vPortEnterCritical
                0x0800140c       0x3c FreeRTOS/Source/portable/GCC/ARM_CM3/port.o
                0x0800140c                vPortEnterCritical
 .text.vPortExitCritical
                0x08001448       0x30 FreeRTOS/Source/portable/GCC/ARM_CM3/port.o
                0x08001448                vPortExitCritical
 .text.ulPortSetInterruptMask
                0x08001478       0x14 FreeRTOS/Source/portable/GCC/ARM_CM3/port.o
                0x08001478                ulPortSetInterruptMask
 .text.vPortClearInterruptMask
                0x0800148c        0x8 FreeRTOS/Source/portable/GCC/ARM_CM3/port.o
                0x0800148c                vPortClearInterruptMask
 .text.PendSV_Handler
                0x08001494       0x44 FreeRTOS/Source/portable/GCC/ARM_CM3/port.o
                0x08001494                PendSV_Handler
 .text.SysTick_Handler
                0x080014d8       0x28 FreeRTOS/Source/portable/GCC/ARM_CM3/port.o
                0x080014d8                SysTick_Handler
 .text.vPortSuppressTicksAndSleep
                0x08001500      0x18c FreeRTOS/Source/portable/GCC/ARM_CM3/port.o
                0x08001500                vPortSuppressTicksAndSleep
 .text.vPortSetupTimerInterrupt
                0x0800168c       0x78 FreeRTOS/Source/portable/GCC/ARM_CM3/port.o
                0x0800168c                vPortSetupTimerInterrupt
 .text.pvPortMalloc
                0x08001704      0x158 FreeRTOS/Source/portable/MemMang/heap_4.o
                0x08001704                pvPortMalloc
 .text.vPortFree
                0x0800185c       0x94 FreeRTOS/Source/portable/MemMang/heap_4.o
                0x0800185c                vPortFree
 .text.prvHeapInit
                0x080018f0       0xc4 FreeRTOS/Source/portable/MemMang/heap_4.o
 .text.prvInsertBlockIntoFreeList
                0x080019b4       0xb0 FreeRTOS/Source/portable/MemMang/heap_4.o
 .text.__libc_init_array
                0x08001a64       0x50 /opt/gcc-arm-none-eabi-4_9-2015q3/bin/../lib/gcc/arm-none-eabi/4.9.3/../../../../arm-none-eabi/lib/armv7-m/libc.a(lib_a-init.o)
                0x08001a64                __libc_init_array
 .text.memset   0x08001ab4       0x9c /opt/gcc-arm-none-eabi-4_9-2015q3/bin/../lib/gcc/arm-none-eabi/4.9.3/../../../../arm-none-eabi/lib/armv7-m/libc.a(lib_a-memset.o)
                0x08001ab4                memset
 .text.startup.register_fini
                0x08001b50       0x14 /opt/gcc-arm-none-eabi-4_9-2015q3/bin/../lib/gcc/arm-none-eabi/4.9.3/../../../../arm-none-eabi/lib/armv7-m/libc.a(lib_a-__call_atexit.o)
 .text.atexit   0x08001b64        0xc /opt/gcc-arm-none-eabi-4_9-2015q3/bin/../lib/gcc/arm-none-eabi/4.9.3/../../../../arm-none-eabi/lib/armv7-m/libc.a(lib_a-atexit.o)
                0x08001b64                atexit
 .text.__libc_fini_array
                0x08001b70       0x2c /opt/gcc-arm-none-eabi-4_9-2015q3/bin/../lib/gcc/arm-none-eabi/4.9.3/../../../../arm-none-eabi/lib/armv7-m/libc.a(lib_a-fini.o)
                0x08001b70                __libc_fini_array
 .text.__register_exitproc
                0x08001b9c       0xa4 /opt/gcc-arm-none-eabi-4_9-2015q3/bin/../lib/gcc/arm-none-eabi/4.9.3/../../../../arm-none-eabi/lib/armv7-m/libc.a(lib_a-__atexit.o)
                0x08001b9c                __register_exitproc
 *(.glue_7)
 .glue_7        0x00000000        0x0 linker stubs
 *(.glue_7t)
 .glue_7t       0x00000000        0x0 linker stubs
 *(.eh_frame)
 .eh_frame      0x08001c40        0x0 /opt/gcc-arm-none-eabi-4_9-2015q3/bin/../lib/gcc/arm-none-eabi/4.9.3/armv7-m/crtbegin.o
 *(.init)
 .init          0x08001c40        0x4 /opt/gcc-arm-none-eabi-4_9-2015q3/bin/../lib/gcc/arm-none-eabi/4.9.3/armv7-m/crti.o
                0x08001c40                _init
 .init          0x08001c44        0x8 /opt/gcc-arm-none-eabi-4_9-2015q3/bin/../lib/gcc/arm-none-eabi/4.9.3/armv7-m/crtn.o
 *(.fini)
 .fini          0x08001c4c        0x4 /opt/gcc-arm-none-eabi-4_9-2015q3/bin/../lib/gcc/arm-none-eabi/4.9.3/armv7-m/crti.o
                0x08001c4c                _fini
 .fini          0x08001c50        0x8 /opt/gcc-arm-none-eabi-4_9-2015q3/bin/../lib/gcc/arm-none-eabi/4.9.3/armv7-m/crtn.o
                0x08001c58                . = ALIGN (0x4)
                0x08001c58                _etext = .

.vfp11_veneer   0x08001c58        0x0
 .vfp11_veneer  0x00000000        0x0 linker stubs

.v4_bx          0x08001c58        0x0
 .v4_bx         0x00000000        0x0 linker stubs

.iplt           0x08001c58        0x0
 .iplt          0x00000000        0x0 /opt/gcc-arm-none-eabi-4_9-2015q3/bin/../lib/gcc/arm-none-eabi/4.9.3/armv7-m/crtbegin.o

.rodata         0x08001c58       0x30
                0x08001c58                . = ALIGN (0x4)
 *(.rodata)
 .rodata        0x08001c58       0x20 src/main.o
 .rodata        0x08001c78        0x5 FreeRTOS/Source/tasks.o
 *(.rodata*)
 *fill*         0x08001c7d        0x3 
 .rodata.str1.4
                0x08001c80        0x4 /opt/gcc-arm-none-eabi-4_9-2015q3/bin/../lib/gcc/arm-none-eabi/4.9.3/../../../../arm-none-eabi/lib/armv7-m/libc.a(lib_a-impure.o)
                                  0x2 (size before relaxing)
 .rodata._global_impure_ptr
                0x08001c84        0x4 /opt/gcc-arm-none-eabi-4_9-2015q3/bin/../lib/gcc/arm-none-eabi/4.9.3/../../../../arm-none-eabi/lib/armv7-m/libc.a(lib_a-impure.o)
                0x08001c84                _global_impure_ptr
                0x08001c88                . = ALIGN (0x4)

.rel.dyn        0x08001c88        0x0
 .rel.iplt      0x00000000        0x0 /opt/gcc-arm-none-eabi-4_9-2015q3/bin/../lib/gcc/arm-none-eabi/4.9.3/armv7-m/crtbegin.o

.ARM.extab
 *(.ARM.extab* .gnu.linkonce.armextab.*)

.ARM            0x08001c88        0x0
                0x08001c88                __exidx_start = .
 *(.ARM.exidx*)
                0x08001c88                __exidx_end = .

.preinit_array  0x08001c88        0x0
                0x08001c88                PROVIDE (__preinit_array_start, .)
 *(.preinit_array*)
                0x08001c88                PROVIDE (__preinit_array_end, .)

.init_array     0x08001c88        0x8
                0x08001c88                PROVIDE (__init_array_start, .)
 *(SORT(.init_array.*))
 .init_array.00000
                0x08001c88        0x4 /opt/gcc-arm-none-eabi-4_9-2015q3/bin/../lib/gcc/arm-none-eabi/4.9.3/../../../../arm-none-eabi/lib/armv7-m/libc.a(lib_a-__call_atexit.o)
 *(.init_array*)
 .init_array    0x08001c8c        0x4 /opt/gcc-arm-none-eabi-4_9-2015q3/bin/../lib/gcc/arm-none-eabi/4.9.3/armv7-m/crtbegin.o
                0x08001c90                PROVIDE (__init_array_end, .)

.fini_array     0x08001c90        0x4
                0x08001c90                PROVIDE (__fini_array_start, .)
 *(SORT(.fini_array.*))
 *(.fini_array*)
 .fini_array    0x08001c90        0x4 /opt/gcc-arm-none-eabi-4_9-2015q3/bin/../lib/gcc/arm-none-eabi/4.9.3/armv7-m/crtbegin.o
                0x08001c94                PROVIDE (__fini_array_end, .)
                0x08001c94                _sidata = LOADADDR (.data)

.data           0x20000000      0x438 load address 0x08001c94
                0x20000000                . = ALIGN (0x4)
                0x20000000                _sdata = .
 *(.data)
 *(.data*)
 .data.SystemCoreClock
                0x20000000        0x4 src/system_stm32f10x.o
                0x20000000                SystemCoreClock
 .data.xNextTaskUnblockTime
                0x20000004        0x4 FreeRTOS/Source/tasks.o
 .data.uxCriticalNesting
                0x20000008        0x4 FreeRTOS/Source/portable/GCC/ARM_CM3/port.o
 *fill*         0x2000000c        0x4 
 .data.impure_data
                0x20000010      0x428 /opt/gcc-arm-none-eabi-4_9-2015q3/bin/../lib/gcc/arm-none-eabi/4.9.3/../../../../arm-none-eabi/lib/armv7-m/libc.a(lib_a-impure.o)
                0x20000438                . = ALIGN (0x4)
                0x20000438                _edata = .

.jcr            0x20000438        0x0 load address 0x080020cc
 .jcr           0x20000438        0x0 /opt/gcc-arm-none-eabi-4_9-2015q3/bin/../lib/gcc/arm-none-eabi/4.9.3/armv7-m/crtbegin.o

.igot.plt       0x20000438        0x0 load address 0x080020cc
 .igot.plt      0x00000000        0x0 /opt/gcc-arm-none-eabi-4_9-2015q3/bin/../lib/gcc/arm-none-eabi/4.9.3/armv7-m/crtbegin.o
                0x20000438                . = ALIGN (0x4)

.bss            0x20000438     0x217c load address 0x080020cc
                0x20000438                _sbss = .
                0x20000438                __bss_start__ = _sbss
 *(.bss)
 .bss           0x20000438       0x1c /opt/gcc-arm-none-eabi-4_9-2015q3/bin/../lib/gcc/arm-none-eabi/4.9.3/armv7-m/crtbegin.o
 *(.bss*)
 .bss.bLit      0x20000454        0x4 src/leds.o
 .bss.pxCurrentTCB
                0x20000458        0x4 FreeRTOS/Source/tasks.o
                0x20000458                pxCurrentTCB
 .bss.pxReadyTasksLists
                0x2000045c       0x8c FreeRTOS/Source/tasks.o
 .bss.xDelayedTaskList1
                0x200004e8       0x14 FreeRTOS/Source/tasks.o
 .bss.xDelayedTaskList2
                0x200004fc       0x14 FreeRTOS/Source/tasks.o
 .bss.pxDelayedTaskList
                0x20000510        0x4 FreeRTOS/Source/tasks.o
 .bss.pxOverflowDelayedTaskList
                0x20000514        0x4 FreeRTOS/Source/tasks.o
 .bss.xPendingReadyList
                0x20000518       0x14 FreeRTOS/Source/tasks.o
 .bss.xTasksWaitingTermination
                0x2000052c       0x14 FreeRTOS/Source/tasks.o
 .bss.uxTasksDeleted
                0x20000540        0x4 FreeRTOS/Source/tasks.o
 .bss.xSuspendedTaskList
                0x20000544       0x14 FreeRTOS/Source/tasks.o
 .bss.uxCurrentNumberOfTasks
                0x20000558        0x4 FreeRTOS/Source/tasks.o
 .bss.xTickCount
                0x2000055c        0x4 FreeRTOS/Source/tasks.o
 .bss.uxTopReadyPriority
                0x20000560        0x4 FreeRTOS/Source/tasks.o
 .bss.xSchedulerRunning
                0x20000564        0x4 FreeRTOS/Source/tasks.o
 .bss.uxPendedTicks
                0x20000568        0x4 FreeRTOS/Source/tasks.o
 .bss.xYieldPending
                0x2000056c        0x4 FreeRTOS/Source/tasks.o
 .bss.xNumOfOverflows
                0x20000570        0x4 FreeRTOS/Source/tasks.o
 .bss.uxTaskNumber
                0x20000574        0x4 FreeRTOS/Source/tasks.o
 .bss.uxSchedulerSuspended
                0x20000578        0x4 FreeRTOS/Source/tasks.o
 .bss.ulTaskSwitchedInTime
                0x2000057c        0x4 FreeRTOS/Source/tasks.o
 .bss.ulTotalRunTime
                0x20000580        0x4 FreeRTOS/Source/tasks.o
 .bss.ulTimerCountsForOneTick
                0x20000584        0x4 FreeRTOS/Source/portable/GCC/ARM_CM3/port.o
 .bss.xMaximumPossibleSuppressedTicks
                0x20000588        0x4 FreeRTOS/Source/portable/GCC/ARM_CM3/port.o
 .bss.ulStoppedTimerCompensation
                0x2000058c        0x4 FreeRTOS/Source/portable/GCC/ARM_CM3/port.o
 .bss.ucMaxSysCallPriority
                0x20000590        0x1 FreeRTOS/Source/portable/GCC/ARM_CM3/port.o
 *fill*         0x20000591        0x3 
 .bss.ulMaxPRIGROUPValue
                0x20000594        0x4 FreeRTOS/Source/portable/GCC/ARM_CM3/port.o
 .bss.ucHeap    0x20000598     0x2000 FreeRTOS/Source/portable/MemMang/heap_4.o
 .bss.xStart    0x20002598        0x8 FreeRTOS/Source/portable/MemMang/heap_4.o
 .bss.pxEnd     0x200025a0        0x4 FreeRTOS/Source/portable/MemMang/heap_4.o
 .bss.xFreeBytesRemaining
                0x200025a4        0x4 FreeRTOS/Source/portable/MemMang/heap_4.o
 .bss.xMinimumEverFreeBytesRemaining
                0x200025a8        0x4 FreeRTOS/Source/portable/MemMang/heap_4.o
 .bss.xBlockAllocatedBit
                0x200025ac        0x4 FreeRTOS/Source/portable/MemMang/heap_4.o
 *(COMMON)
 COMMON         0x200025b0        0x4 src/main.o
                0x200025b0                defaultTaskHandle
                0x200025b4                . = ALIGN (0x4)
                0x200025b4                _ebss = .
                0x200025b4                __bss_end__ = _ebss

._user_heap_stack
                0x200025b4      0x400 load address 0x080020cc
                0x200025b4                . = ALIGN (0x4)
                0x200025b4                PROVIDE (end, .)
                0x200025b4                PROVIDE (_end, .)
                0x200025b4                . = (. + _Min_Heap_Size)
                0x200029b4                . = (. + _Min_Stack_Size)
 *fill*         0x200025b4      0x400 
                0x200029b4                . = ALIGN (0x4)

/DISCARD/
 libc.a(*)
 libm.a(*)
 libgcc.a(*)

.ARM.attributes
                0x00000000       0x29
 *(.ARM.attributes)
 .ARM.attributes
                0x00000000       0x1d /opt/gcc-arm-none-eabi-4_9-2015q3/bin/../lib/gcc/arm-none-eabi/4.9.3/armv7-m/crti.o
 .ARM.attributes
                0x0000001d       0x2d /opt/gcc-arm-none-eabi-4_9-2015q3/bin/../lib/gcc/arm-none-eabi/4.9.3/armv7-m/crtbegin.o
 .ARM.attributes
                0x0000004a       0x21 src/startup_stm32f10x_md.o
 .ARM.attributes
                0x0000006b       0x33 src/system_stm32f10x.o
 .ARM.attributes
                0x0000009e       0x33 src/main.o
 .ARM.attributes
                0x000000d1       0x33 src/leds.o
 .ARM.attributes
                0x00000104       0x33 Libraries/STM32F10x_StdPeriph_Driver/src/stm32f10x_rcc.o
 .ARM.attributes
                0x00000137       0x33 Libraries/STM32F10x_StdPeriph_Driver/src/stm32f10x_gpio.o
 .ARM.attributes
                0x0000016a       0x33 src/freertos.o
 .ARM.attributes
                0x0000019d       0x33 FreeRTOS/Source/CMSIS_RTOS/cmsis_os.o
 .ARM.attributes
                0x000001d0       0x33 FreeRTOS/Source/list.o
 .ARM.attributes
                0x00000203       0x33 FreeRTOS/Source/tasks.o
 .ARM.attributes
                0x00000236       0x33 FreeRTOS/Source/portable/GCC/ARM_CM3/port.o
 .ARM.attributes
                0x00000269       0x33 FreeRTOS/Source/portable/MemMang/heap_4.o
 .ARM.attributes
                0x0000029c       0x1d /opt/gcc-arm-none-eabi-4_9-2015q3/bin/../lib/gcc/arm-none-eabi/4.9.3/armv7-m/crtn.o
START GROUP
LOAD /opt/gcc-arm-none-eabi-4_9-2015q3/bin/../lib/gcc/arm-none-eabi/4.9.3/armv7-m/libgcc.a
LOAD /opt/gcc-arm-none-eabi-4_9-2015q3/bin/../lib/gcc/arm-none-eabi/4.9.3/../../../../arm-none-eabi/lib/armv7-m/libg.a
LOAD /opt/gcc-arm-none-eabi-4_9-2015q3/bin/../lib/gcc/arm-none-eabi/4.9.3/../../../../arm-none-eabi/lib/armv7-m/libc.a
END GROUP
LOAD /opt/gcc-arm-none-eabi-4_9-2015q3/bin/../lib/gcc/arm-none-eabi/4.9.3/armv7-m/crtend.o
LOAD /opt/gcc-arm-none-eabi-4_9-2015q3/bin/../lib/gcc/arm-none-eabi/4.9.3/armv7-m/crtn.o
OUTPUT(maple-leaf-iotest.elf elf32-littlearm)

.debug_line     0x00000000     0x2674
 .debug_line    0x00000000       0x77 src/startup_stm32f10x_md.o
 .debug_line    0x00000077      0x1bb src/system_stm32f10x.o
 .debug_line    0x00000232      0x15a src/main.o
 .debug_line    0x0000038c      0x175 src/leds.o
 .debug_line    0x00000501      0x44c Libraries/STM32F10x_StdPeriph_Driver/src/stm32f10x_rcc.o
 .debug_line    0x0000094d      0x33f Libraries/STM32F10x_StdPeriph_Driver/src/stm32f10x_gpio.o
 .debug_line    0x00000c8c       0xbb src/freertos.o
 .debug_line    0x00000d47      0x751 FreeRTOS/Source/CMSIS_RTOS/cmsis_os.o
 .debug_line    0x00001498      0x1b0 FreeRTOS/Source/list.o
 .debug_line    0x00001648      0xad2 FreeRTOS/Source/tasks.o
 .debug_line    0x0000211a      0x2fc FreeRTOS/Source/portable/GCC/ARM_CM3/port.o
 .debug_line    0x00002416      0x25e FreeRTOS/Source/portable/MemMang/heap_4.o

.debug_info     0x00000000     0x4a1f
 .debug_info    0x00000000       0x64 src/startup_stm32f10x_md.o
 .debug_info    0x00000064      0x438 src/system_stm32f10x.o
 .debug_info    0x0000049c      0x204 src/main.o
 .debug_info    0x000006a0      0x22d src/leds.o
 .debug_info    0x000008cd      0x87b Libraries/STM32F10x_StdPeriph_Driver/src/stm32f10x_rcc.o
 .debug_info    0x00001148      0x6d5 Libraries/STM32F10x_StdPeriph_Driver/src/stm32f10x_gpio.o
 .debug_info    0x0000181d      0x114 src/freertos.o
 .debug_info    0x00001931     0x1187 FreeRTOS/Source/CMSIS_RTOS/cmsis_os.o
 .debug_info    0x00002ab8      0x29d FreeRTOS/Source/list.o
 .debug_info    0x00002d55     0x15d6 FreeRTOS/Source/tasks.o
 .debug_info    0x0000432b      0x3fa FreeRTOS/Source/portable/GCC/ARM_CM3/port.o
 .debug_info    0x00004725      0x2fa FreeRTOS/Source/portable/MemMang/heap_4.o

.debug_abbrev   0x00000000     0x1094
 .debug_abbrev  0x00000000       0x12 src/startup_stm32f10x_md.o
 .debug_abbrev  0x00000012      0x179 src/system_stm32f10x.o
 .debug_abbrev  0x0000018b      0x109 src/main.o
 .debug_abbrev  0x00000294      0x10b src/leds.o
 .debug_abbrev  0x0000039f      0x1bc Libraries/STM32F10x_StdPeriph_Driver/src/stm32f10x_rcc.o
 .debug_abbrev  0x0000055b      0x1ca Libraries/STM32F10x_StdPeriph_Driver/src/stm32f10x_gpio.o
 .debug_abbrev  0x00000725       0xb3 src/freertos.o
 .debug_abbrev  0x000007d8      0x254 FreeRTOS/Source/CMSIS_RTOS/cmsis_os.o
 .debug_abbrev  0x00000a2c       0xbe FreeRTOS/Source/list.o
 .debug_abbrev  0x00000aea      0x287 FreeRTOS/Source/tasks.o
 .debug_abbrev  0x00000d71      0x1cb FreeRTOS/Source/portable/GCC/ARM_CM3/port.o
 .debug_abbrev  0x00000f3c      0x158 FreeRTOS/Source/portable/MemMang/heap_4.o

.debug_aranges  0x00000000      0x750
 .debug_aranges
                0x00000000       0x28 src/startup_stm32f10x_md.o
 .debug_aranges
                0x00000028       0x38 src/system_stm32f10x.o
 .debug_aranges
                0x00000060       0x30 src/main.o
 .debug_aranges
                0x00000090       0x28 src/leds.o
 .debug_aranges
                0x000000b8      0x118 Libraries/STM32F10x_StdPeriph_Driver/src/stm32f10x_rcc.o
 .debug_aranges
                0x000001d0       0xa8 Libraries/STM32F10x_StdPeriph_Driver/src/stm32f10x_gpio.o
 .debug_aranges
                0x00000278       0x40 src/freertos.o
 .debug_aranges
                0x000002b8      0x1b0 FreeRTOS/Source/CMSIS_RTOS/cmsis_os.o
 .debug_aranges
                0x00000468       0x40 FreeRTOS/Source/list.o
 .debug_aranges
                0x000004a8      0x1c0 FreeRTOS/Source/tasks.o
 .debug_aranges
                0x00000668       0x98 FreeRTOS/Source/portable/GCC/ARM_CM3/port.o
 .debug_aranges
                0x00000700       0x50 FreeRTOS/Source/portable/MemMang/heap_4.o

.debug_ranges   0x00000000      0x698
 .debug_ranges  0x00000000       0x20 src/startup_stm32f10x_md.o
 .debug_ranges  0x00000020       0x28 src/system_stm32f10x.o
 .debug_ranges  0x00000048       0x20 src/main.o
 .debug_ranges  0x00000068       0x18 src/leds.o
 .debug_ranges  0x00000080      0x108 Libraries/STM32F10x_StdPeriph_Driver/src/stm32f10x_rcc.o
 .debug_ranges  0x00000188       0x98 Libraries/STM32F10x_StdPeriph_Driver/src/stm32f10x_gpio.o
 .debug_ranges  0x00000220       0x30 src/freertos.o
 .debug_ranges  0x00000250      0x1a0 FreeRTOS/Source/CMSIS_RTOS/cmsis_os.o
 .debug_ranges  0x000003f0       0x30 FreeRTOS/Source/list.o
 .debug_ranges  0x00000420      0x1b0 FreeRTOS/Source/tasks.o
 .debug_ranges  0x000005d0       0x88 FreeRTOS/Source/portable/GCC/ARM_CM3/port.o
 .debug_ranges  0x00000658       0x40 FreeRTOS/Source/portable/MemMang/heap_4.o

.debug_str      0x00000000     0x2584
 .debug_str     0x00000000      0x2a4 src/system_stm32f10x.o
                                0x30b (size before relaxing)
 .debug_str     0x000002a4      0x161 src/main.o
                                0x2f8 (size before relaxing)
 .debug_str     0x00000405      0x164 src/leds.o
                                0x304 (size before relaxing)
 .debug_str     0x00000569      0x40a Libraries/STM32F10x_StdPeriph_Driver/src/stm32f10x_rcc.o
                                0x66a (size before relaxing)
 .debug_str     0x00000973      0x261 Libraries/STM32F10x_StdPeriph_Driver/src/stm32f10x_gpio.o
                                0x569 (size before relaxing)
 .debug_str     0x00000bd4       0x9a src/freertos.o
                                0x212 (size before relaxing)
 .debug_str     0x00000c6e      0x725 FreeRTOS/Source/CMSIS_RTOS/cmsis_os.o
                                0xa43 (size before relaxing)
 .debug_str     0x00001393      0x134 FreeRTOS/Source/list.o
                                0x2da (size before relaxing)
 .debug_str     0x000014c7      0xbd3 FreeRTOS/Source/tasks.o
                                0xf07 (size before relaxing)
 .debug_str     0x0000209a      0x30d FreeRTOS/Source/portable/GCC/ARM_CM3/port.o
                                0x54e (size before relaxing)
 .debug_str     0x000023a7      0x1dd FreeRTOS/Source/portable/MemMang/heap_4.o
                                0x385 (size before relaxing)

.comment        0x00000000       0x70
 .comment       0x00000000       0x70 src/system_stm32f10x.o
                                 0x71 (size before relaxing)
 .comment       0x00000000       0x71 src/main.o
 .comment       0x00000000       0x71 src/leds.o
 .comment       0x00000000       0x71 Libraries/STM32F10x_StdPeriph_Driver/src/stm32f10x_rcc.o
 .comment       0x00000000       0x71 Libraries/STM32F10x_StdPeriph_Driver/src/stm32f10x_gpio.o
 .comment       0x00000000       0x71 src/freertos.o
 .comment       0x00000000       0x71 FreeRTOS/Source/CMSIS_RTOS/cmsis_os.o
 .comment       0x00000000       0x71 FreeRTOS/Source/list.o
 .comment       0x00000000       0x71 FreeRTOS/Source/tasks.o
 .comment       0x00000000       0x71 FreeRTOS/Source/portable/GCC/ARM_CM3/port.o
 .comment       0x00000000       0x71 FreeRTOS/Source/portable/MemMang/heap_4.o

.debug_frame    0x00000000     0x1c5c
 .debug_frame   0x00000000       0x98 src/system_stm32f10x.o
 .debug_frame   0x00000098       0x78 src/main.o
 .debug_frame   0x00000110       0x50 src/leds.o
 .debug_frame   0x00000160      0x4f4 Libraries/STM32F10x_StdPeriph_Driver/src/stm32f10x_rcc.o
 .debug_frame   0x00000654      0x2d0 Libraries/STM32F10x_StdPeriph_Driver/src/stm32f10x_gpio.o
 .debug_frame   0x00000924       0xc0 src/freertos.o
 .debug_frame   0x000009e4      0x740 FreeRTOS/Source/CMSIS_RTOS/cmsis_os.o
 .debug_frame   0x00001124       0xd8 FreeRTOS/Source/list.o
 .debug_frame   0x000011fc      0x798 FreeRTOS/Source/tasks.o
 .debug_frame   0x00001994      0x1c0 FreeRTOS/Source/portable/GCC/ARM_CM3/port.o
 .debug_frame   0x00001b54      0x108 FreeRTOS/Source/portable/MemMang/heap_4.o
