Archive member included because of file (symbol)

/opt/gcc-arm-none-eabi-4_9-2015q3/bin/../lib/gcc/arm-none-eabi/4.9.3/../../../../arm-none-eabi/lib/armv7-m/libc.a(lib_a-exit.o)
                              /opt/gcc-arm-none-eabi-4_9-2015q3/bin/../lib/gcc/arm-none-eabi/4.9.3/../../../../arm-none-eabi/lib/armv7-m/crt0.o (exit)
/opt/gcc-arm-none-eabi-4_9-2015q3/bin/../lib/gcc/arm-none-eabi/4.9.3/../../../../arm-none-eabi/lib/armv7-m/libc.a(lib_a-impure.o)
                              /opt/gcc-arm-none-eabi-4_9-2015q3/bin/../lib/gcc/arm-none-eabi/4.9.3/../../../../arm-none-eabi/lib/armv7-m/libc.a(lib_a-exit.o) (_global_impure_ptr)
/opt/gcc-arm-none-eabi-4_9-2015q3/bin/../lib/gcc/arm-none-eabi/4.9.3/../../../../arm-none-eabi/lib/armv7-m/libc.a(lib_a-init.o)
                              /opt/gcc-arm-none-eabi-4_9-2015q3/bin/../lib/gcc/arm-none-eabi/4.9.3/../../../../arm-none-eabi/lib/armv7-m/crt0.o (__libc_init_array)
/opt/gcc-arm-none-eabi-4_9-2015q3/bin/../lib/gcc/arm-none-eabi/4.9.3/../../../../arm-none-eabi/lib/armv7-m/libc.a(lib_a-memset.o)
                              /opt/gcc-arm-none-eabi-4_9-2015q3/bin/../lib/gcc/arm-none-eabi/4.9.3/../../../../arm-none-eabi/lib/armv7-m/crt0.o (memset)
/opt/gcc-arm-none-eabi-4_9-2015q3/bin/../lib/gcc/arm-none-eabi/4.9.3/../../../../arm-none-eabi/lib/armv7-m/libc.a(lib_a-__call_atexit.o)
                              /opt/gcc-arm-none-eabi-4_9-2015q3/bin/../lib/gcc/arm-none-eabi/4.9.3/../../../../arm-none-eabi/lib/armv7-m/libc.a(lib_a-exit.o) (__call_exitprocs)
/opt/gcc-arm-none-eabi-4_9-2015q3/bin/../lib/gcc/arm-none-eabi/4.9.3/../../../../arm-none-eabi/lib/armv7-m/libc.a(lib_a-atexit.o)
                              /opt/gcc-arm-none-eabi-4_9-2015q3/bin/../lib/gcc/arm-none-eabi/4.9.3/../../../../arm-none-eabi/lib/armv7-m/libc.a(lib_a-__call_atexit.o) (atexit)
/opt/gcc-arm-none-eabi-4_9-2015q3/bin/../lib/gcc/arm-none-eabi/4.9.3/../../../../arm-none-eabi/lib/armv7-m/libc.a(lib_a-fini.o)
                              /opt/gcc-arm-none-eabi-4_9-2015q3/bin/../lib/gcc/arm-none-eabi/4.9.3/../../../../arm-none-eabi/lib/armv7-m/libc.a(lib_a-__call_atexit.o) (__libc_fini_array)
/opt/gcc-arm-none-eabi-4_9-2015q3/bin/../lib/gcc/arm-none-eabi/4.9.3/../../../../arm-none-eabi/lib/armv7-m/libc.a(lib_a-__atexit.o)
                              /opt/gcc-arm-none-eabi-4_9-2015q3/bin/../lib/gcc/arm-none-eabi/4.9.3/../../../../arm-none-eabi/lib/armv7-m/libc.a(lib_a-atexit.o) (__register_exitproc)

Discarded input sections

 .text          0x00000000        0x0 /opt/gcc-arm-none-eabi-4_9-2015q3/bin/../lib/gcc/arm-none-eabi/4.9.3/armv7-m/crti.o
 .data          0x00000000        0x0 /opt/gcc-arm-none-eabi-4_9-2015q3/bin/../lib/gcc/arm-none-eabi/4.9.3/armv7-m/crti.o
 .bss           0x00000000        0x0 /opt/gcc-arm-none-eabi-4_9-2015q3/bin/../lib/gcc/arm-none-eabi/4.9.3/armv7-m/crti.o
 .data          0x00000000        0x4 /opt/gcc-arm-none-eabi-4_9-2015q3/bin/../lib/gcc/arm-none-eabi/4.9.3/armv7-m/crtbegin.o
 .text          0x00000000       0x74 /opt/gcc-arm-none-eabi-4_9-2015q3/bin/../lib/gcc/arm-none-eabi/4.9.3/../../../../arm-none-eabi/lib/armv7-m/crt0.o
 .data          0x00000000        0x0 /opt/gcc-arm-none-eabi-4_9-2015q3/bin/../lib/gcc/arm-none-eabi/4.9.3/../../../../arm-none-eabi/lib/armv7-m/crt0.o
 .bss           0x00000000        0x0 /opt/gcc-arm-none-eabi-4_9-2015q3/bin/../lib/gcc/arm-none-eabi/4.9.3/../../../../arm-none-eabi/lib/armv7-m/crt0.o
 .ARM.extab     0x00000000        0x0 /opt/gcc-arm-none-eabi-4_9-2015q3/bin/../lib/gcc/arm-none-eabi/4.9.3/../../../../arm-none-eabi/lib/armv7-m/crt0.o
 .ARM.exidx     0x00000000        0x8 /opt/gcc-arm-none-eabi-4_9-2015q3/bin/../lib/gcc/arm-none-eabi/4.9.3/../../../../arm-none-eabi/lib/armv7-m/crt0.o
 .ARM.attributes
                0x00000000       0x1b /opt/gcc-arm-none-eabi-4_9-2015q3/bin/../lib/gcc/arm-none-eabi/4.9.3/../../../../arm-none-eabi/lib/armv7-m/crt0.o
 .text          0x00000000        0x0 Libraries/STM32F10x_StdPeriph_Driver/src/stm32f10x_usart.o
 .data          0x00000000        0x0 Libraries/STM32F10x_StdPeriph_Driver/src/stm32f10x_usart.o
 .bss           0x00000000        0x0 Libraries/STM32F10x_StdPeriph_Driver/src/stm32f10x_usart.o
 .text.USART_DeInit
                0x00000000       0xb8 Libraries/STM32F10x_StdPeriph_Driver/src/stm32f10x_usart.o
 .text.USART_Init
                0x00000000      0x174 Libraries/STM32F10x_StdPeriph_Driver/src/stm32f10x_usart.o
 .text.USART_StructInit
                0x00000000       0x38 Libraries/STM32F10x_StdPeriph_Driver/src/stm32f10x_usart.o
 .text.USART_ClockInit
                0x00000000       0x58 Libraries/STM32F10x_StdPeriph_Driver/src/stm32f10x_usart.o
 .text.USART_ClockStructInit
                0x00000000       0x2c Libraries/STM32F10x_StdPeriph_Driver/src/stm32f10x_usart.o
 .text.USART_Cmd
                0x00000000       0x40 Libraries/STM32F10x_StdPeriph_Driver/src/stm32f10x_usart.o
 .text.USART_ITConfig
                0x00000000       0x90 Libraries/STM32F10x_StdPeriph_Driver/src/stm32f10x_usart.o
 .text.USART_DMACmd
                0x00000000       0x48 Libraries/STM32F10x_StdPeriph_Driver/src/stm32f10x_usart.o
 .text.USART_SetAddress
                0x00000000       0x38 Libraries/STM32F10x_StdPeriph_Driver/src/stm32f10x_usart.o
 .text.USART_WakeUpConfig
                0x00000000       0x38 Libraries/STM32F10x_StdPeriph_Driver/src/stm32f10x_usart.o
 .text.USART_ReceiverWakeUpCmd
                0x00000000       0x40 Libraries/STM32F10x_StdPeriph_Driver/src/stm32f10x_usart.o
 .text.USART_LINBreakDetectLengthConfig
                0x00000000       0x38 Libraries/STM32F10x_StdPeriph_Driver/src/stm32f10x_usart.o
 .text.USART_LINCmd
                0x00000000       0x40 Libraries/STM32F10x_StdPeriph_Driver/src/stm32f10x_usart.o
 .text.USART_SendData
                0x00000000       0x24 Libraries/STM32F10x_StdPeriph_Driver/src/stm32f10x_usart.o
 .text.USART_ReceiveData
                0x00000000       0x20 Libraries/STM32F10x_StdPeriph_Driver/src/stm32f10x_usart.o
 .text.USART_SendBreak
                0x00000000       0x24 Libraries/STM32F10x_StdPeriph_Driver/src/stm32f10x_usart.o
 .text.USART_SetGuardTime
                0x00000000       0x3c Libraries/STM32F10x_StdPeriph_Driver/src/stm32f10x_usart.o
 .text.USART_SetPrescaler
                0x00000000       0x38 Libraries/STM32F10x_StdPeriph_Driver/src/stm32f10x_usart.o
 .text.USART_SmartCardCmd
                0x00000000       0x40 Libraries/STM32F10x_StdPeriph_Driver/src/stm32f10x_usart.o
 .text.USART_SmartCardNACKCmd
                0x00000000       0x40 Libraries/STM32F10x_StdPeriph_Driver/src/stm32f10x_usart.o
 .text.USART_HalfDuplexCmd
                0x00000000       0x40 Libraries/STM32F10x_StdPeriph_Driver/src/stm32f10x_usart.o
 .text.USART_OverSampling8Cmd
                0x00000000       0x44 Libraries/STM32F10x_StdPeriph_Driver/src/stm32f10x_usart.o
 .text.USART_OneBitMethodCmd
                0x00000000       0x40 Libraries/STM32F10x_StdPeriph_Driver/src/stm32f10x_usart.o
 .text.USART_IrDAConfig
                0x00000000       0x38 Libraries/STM32F10x_StdPeriph_Driver/src/stm32f10x_usart.o
 .text.USART_IrDACmd
                0x00000000       0x40 Libraries/STM32F10x_StdPeriph_Driver/src/stm32f10x_usart.o
 .text.USART_GetFlagStatus
                0x00000000       0x38 Libraries/STM32F10x_StdPeriph_Driver/src/stm32f10x_usart.o
 .text.USART_ClearFlag
                0x00000000       0x20 Libraries/STM32F10x_StdPeriph_Driver/src/stm32f10x_usart.o
 .text.USART_GetITStatus
                0x00000000       0xb8 Libraries/STM32F10x_StdPeriph_Driver/src/stm32f10x_usart.o
 .text.USART_ClearITPendingBit
                0x00000000       0x38 Libraries/STM32F10x_StdPeriph_Driver/src/stm32f10x_usart.o
 .debug_info    0x00000000      0x9d6 Libraries/STM32F10x_StdPeriph_Driver/src/stm32f10x_usart.o
 .debug_abbrev  0x00000000      0x164 Libraries/STM32F10x_StdPeriph_Driver/src/stm32f10x_usart.o
 .debug_aranges
                0x00000000      0x100 Libraries/STM32F10x_StdPeriph_Driver/src/stm32f10x_usart.o
 .debug_ranges  0x00000000       0xf0 Libraries/STM32F10x_StdPeriph_Driver/src/stm32f10x_usart.o
 .debug_line    0x00000000      0x422 Libraries/STM32F10x_StdPeriph_Driver/src/stm32f10x_usart.o
 .debug_str     0x00000000      0x6e0 Libraries/STM32F10x_StdPeriph_Driver/src/stm32f10x_usart.o
 .comment       0x00000000       0x71 Libraries/STM32F10x_StdPeriph_Driver/src/stm32f10x_usart.o
 .debug_frame   0x00000000      0x490 Libraries/STM32F10x_StdPeriph_Driver/src/stm32f10x_usart.o
 .ARM.attributes
                0x00000000       0x33 Libraries/STM32F10x_StdPeriph_Driver/src/stm32f10x_usart.o
 .text          0x00000000        0x0 Libraries/STM32F10x_StdPeriph_Driver/src/stm32f10x_rcc.o
 .data          0x00000000        0x0 Libraries/STM32F10x_StdPeriph_Driver/src/stm32f10x_rcc.o
 .bss           0x00000000        0x0 Libraries/STM32F10x_StdPeriph_Driver/src/stm32f10x_rcc.o
 .data.APBAHBPrescTable
                0x00000000       0x10 Libraries/STM32F10x_StdPeriph_Driver/src/stm32f10x_rcc.o
 .data.ADCPrescTable
                0x00000000        0x4 Libraries/STM32F10x_StdPeriph_Driver/src/stm32f10x_rcc.o
 .text.RCC_DeInit
                0x00000000       0x5c Libraries/STM32F10x_StdPeriph_Driver/src/stm32f10x_rcc.o
 .text.RCC_HSEConfig
                0x00000000       0x5c Libraries/STM32F10x_StdPeriph_Driver/src/stm32f10x_rcc.o
 .text.RCC_WaitForHSEStartUp
                0x00000000       0x50 Libraries/STM32F10x_StdPeriph_Driver/src/stm32f10x_rcc.o
 .text.RCC_AdjustHSICalibrationValue
                0x00000000       0x3c Libraries/STM32F10x_StdPeriph_Driver/src/stm32f10x_rcc.o
 .text.RCC_HSICmd
                0x00000000       0x20 Libraries/STM32F10x_StdPeriph_Driver/src/stm32f10x_rcc.o
 .text.RCC_PLLConfig
                0x00000000       0x3c Libraries/STM32F10x_StdPeriph_Driver/src/stm32f10x_rcc.o
 .text.RCC_PLLCmd
                0x00000000       0x20 Libraries/STM32F10x_StdPeriph_Driver/src/stm32f10x_rcc.o
 .text.RCC_SYSCLKConfig
                0x00000000       0x38 Libraries/STM32F10x_StdPeriph_Driver/src/stm32f10x_rcc.o
 .text.RCC_GetSYSCLKSource
                0x00000000       0x20 Libraries/STM32F10x_StdPeriph_Driver/src/stm32f10x_rcc.o
 .text.RCC_HCLKConfig
                0x00000000       0x38 Libraries/STM32F10x_StdPeriph_Driver/src/stm32f10x_rcc.o
 .text.RCC_PCLK1Config
                0x00000000       0x38 Libraries/STM32F10x_StdPeriph_Driver/src/stm32f10x_rcc.o
 .text.RCC_PCLK2Config
                0x00000000       0x38 Libraries/STM32F10x_StdPeriph_Driver/src/stm32f10x_rcc.o
 .text.RCC_ITConfig
                0x00000000       0x4c Libraries/STM32F10x_StdPeriph_Driver/src/stm32f10x_rcc.o
 .text.RCC_USBCLKConfig
                0x00000000       0x1c Libraries/STM32F10x_StdPeriph_Driver/src/stm32f10x_rcc.o
 .text.RCC_ADCCLKConfig
                0x00000000       0x38 Libraries/STM32F10x_StdPeriph_Driver/src/stm32f10x_rcc.o
 .text.RCC_LSEConfig
                0x00000000       0x40 Libraries/STM32F10x_StdPeriph_Driver/src/stm32f10x_rcc.o
 .text.RCC_LSICmd
                0x00000000       0x20 Libraries/STM32F10x_StdPeriph_Driver/src/stm32f10x_rcc.o
 .text.RCC_RTCCLKConfig
                0x00000000       0x24 Libraries/STM32F10x_StdPeriph_Driver/src/stm32f10x_rcc.o
 .text.RCC_RTCCLKCmd
                0x00000000       0x20 Libraries/STM32F10x_StdPeriph_Driver/src/stm32f10x_rcc.o
 .text.RCC_GetClocksFreq
                0x00000000      0x164 Libraries/STM32F10x_StdPeriph_Driver/src/stm32f10x_rcc.o
 .text.RCC_AHBPeriphClockCmd
                0x00000000       0x3c Libraries/STM32F10x_StdPeriph_Driver/src/stm32f10x_rcc.o
 .text.RCC_APB2PeriphClockCmd
                0x00000000       0x3c Libraries/STM32F10x_StdPeriph_Driver/src/stm32f10x_rcc.o
 .text.RCC_APB1PeriphClockCmd
                0x00000000       0x3c Libraries/STM32F10x_StdPeriph_Driver/src/stm32f10x_rcc.o
 .text.RCC_APB2PeriphResetCmd
                0x00000000       0x3c Libraries/STM32F10x_StdPeriph_Driver/src/stm32f10x_rcc.o
 .text.RCC_APB1PeriphResetCmd
                0x00000000       0x3c Libraries/STM32F10x_StdPeriph_Driver/src/stm32f10x_rcc.o
 .text.RCC_BackupResetCmd
                0x00000000       0x20 Libraries/STM32F10x_StdPeriph_Driver/src/stm32f10x_rcc.o
 .text.RCC_ClockSecuritySystemCmd
                0x00000000       0x20 Libraries/STM32F10x_StdPeriph_Driver/src/stm32f10x_rcc.o
 .text.RCC_MCOConfig
                0x00000000       0x20 Libraries/STM32F10x_StdPeriph_Driver/src/stm32f10x_rcc.o
 .text.RCC_GetFlagStatus
                0x00000000       0x74 Libraries/STM32F10x_StdPeriph_Driver/src/stm32f10x_rcc.o
 .text.RCC_ClearFlag
                0x00000000       0x1c Libraries/STM32F10x_StdPeriph_Driver/src/stm32f10x_rcc.o
 .text.RCC_GetITStatus
                0x00000000       0x38 Libraries/STM32F10x_StdPeriph_Driver/src/stm32f10x_rcc.o
 .text.RCC_ClearITPendingBit
                0x00000000       0x20 Libraries/STM32F10x_StdPeriph_Driver/src/stm32f10x_rcc.o
 .debug_info    0x00000000      0x87b Libraries/STM32F10x_StdPeriph_Driver/src/stm32f10x_rcc.o
 .debug_abbrev  0x00000000      0x1bc Libraries/STM32F10x_StdPeriph_Driver/src/stm32f10x_rcc.o
 .debug_aranges
                0x00000000      0x118 Libraries/STM32F10x_StdPeriph_Driver/src/stm32f10x_rcc.o
 .debug_ranges  0x00000000      0x108 Libraries/STM32F10x_StdPeriph_Driver/src/stm32f10x_rcc.o
 .debug_line    0x00000000      0x44c Libraries/STM32F10x_StdPeriph_Driver/src/stm32f10x_rcc.o
 .debug_str     0x00000000      0x66a Libraries/STM32F10x_StdPeriph_Driver/src/stm32f10x_rcc.o
 .comment       0x00000000       0x71 Libraries/STM32F10x_StdPeriph_Driver/src/stm32f10x_rcc.o
 .debug_frame   0x00000000      0x4f4 Libraries/STM32F10x_StdPeriph_Driver/src/stm32f10x_rcc.o
 .ARM.attributes
                0x00000000       0x33 Libraries/STM32F10x_StdPeriph_Driver/src/stm32f10x_rcc.o
 .text          0x00000000        0x0 Libraries/STM32F10x_StdPeriph_Driver/src/stm32f10x_pwr.o
 .data          0x00000000        0x0 Libraries/STM32F10x_StdPeriph_Driver/src/stm32f10x_pwr.o
 .bss           0x00000000        0x0 Libraries/STM32F10x_StdPeriph_Driver/src/stm32f10x_pwr.o
 .text.__WFI    0x00000000       0x10 Libraries/STM32F10x_StdPeriph_Driver/src/stm32f10x_pwr.o
 .text.__WFE    0x00000000       0x10 Libraries/STM32F10x_StdPeriph_Driver/src/stm32f10x_pwr.o
 .text.PWR_DeInit
                0x00000000       0x1c Libraries/STM32F10x_StdPeriph_Driver/src/stm32f10x_pwr.o
 .text.PWR_BackupAccessCmd
                0x00000000       0x20 Libraries/STM32F10x_StdPeriph_Driver/src/stm32f10x_pwr.o
 .text.PWR_PVDCmd
                0x00000000       0x20 Libraries/STM32F10x_StdPeriph_Driver/src/stm32f10x_pwr.o
 .text.PWR_PVDLevelConfig
                0x00000000       0x38 Libraries/STM32F10x_StdPeriph_Driver/src/stm32f10x_pwr.o
 .text.PWR_WakeUpPinCmd
                0x00000000       0x20 Libraries/STM32F10x_StdPeriph_Driver/src/stm32f10x_pwr.o
 .text.PWR_EnterSTOPMode
                0x00000000       0x64 Libraries/STM32F10x_StdPeriph_Driver/src/stm32f10x_pwr.o
 .text.PWR_EnterSTANDBYMode
                0x00000000       0x38 Libraries/STM32F10x_StdPeriph_Driver/src/stm32f10x_pwr.o
 .text.PWR_GetFlagStatus
                0x00000000       0x34 Libraries/STM32F10x_StdPeriph_Driver/src/stm32f10x_pwr.o
 .text.PWR_ClearFlag
                0x00000000       0x24 Libraries/STM32F10x_StdPeriph_Driver/src/stm32f10x_pwr.o
 .debug_info    0x00000000      0x421 Libraries/STM32F10x_StdPeriph_Driver/src/stm32f10x_pwr.o
 .debug_abbrev  0x00000000      0x1ad Libraries/STM32F10x_StdPeriph_Driver/src/stm32f10x_pwr.o
 .debug_aranges
                0x00000000       0x70 Libraries/STM32F10x_StdPeriph_Driver/src/stm32f10x_pwr.o
 .debug_ranges  0x00000000       0x60 Libraries/STM32F10x_StdPeriph_Driver/src/stm32f10x_pwr.o
 .debug_line    0x00000000      0x222 Libraries/STM32F10x_StdPeriph_Driver/src/stm32f10x_pwr.o
 .debug_str     0x00000000      0x362 Libraries/STM32F10x_StdPeriph_Driver/src/stm32f10x_pwr.o
 .comment       0x00000000       0x71 Libraries/STM32F10x_StdPeriph_Driver/src/stm32f10x_pwr.o
 .debug_frame   0x00000000      0x19c Libraries/STM32F10x_StdPeriph_Driver/src/stm32f10x_pwr.o
 .ARM.attributes
                0x00000000       0x33 Libraries/STM32F10x_StdPeriph_Driver/src/stm32f10x_pwr.o
 .text          0x00000000        0x0 Libraries/STM32F10x_StdPeriph_Driver/src/stm32f10x_adc.o
 .data          0x00000000        0x0 Libraries/STM32F10x_StdPeriph_Driver/src/stm32f10x_adc.o
 .bss           0x00000000        0x0 Libraries/STM32F10x_StdPeriph_Driver/src/stm32f10x_adc.o
 .text.ADC_DeInit
                0x00000000       0x74 Libraries/STM32F10x_StdPeriph_Driver/src/stm32f10x_adc.o
 .text.ADC_Init
                0x00000000       0xa4 Libraries/STM32F10x_StdPeriph_Driver/src/stm32f10x_adc.o
 .text.ADC_StructInit
                0x00000000       0x38 Libraries/STM32F10x_StdPeriph_Driver/src/stm32f10x_adc.o
 .text.ADC_Cmd  0x00000000       0x38 Libraries/STM32F10x_StdPeriph_Driver/src/stm32f10x_adc.o
 .text.ADC_DMACmd
                0x00000000       0x38 Libraries/STM32F10x_StdPeriph_Driver/src/stm32f10x_adc.o
 .text.ADC_ITConfig
                0x00000000       0x44 Libraries/STM32F10x_StdPeriph_Driver/src/stm32f10x_adc.o
 .text.ADC_ResetCalibration
                0x00000000       0x20 Libraries/STM32F10x_StdPeriph_Driver/src/stm32f10x_adc.o
 .text.ADC_GetResetCalibrationStatus
                0x00000000       0x30 Libraries/STM32F10x_StdPeriph_Driver/src/stm32f10x_adc.o
 .text.ADC_StartCalibration
                0x00000000       0x20 Libraries/STM32F10x_StdPeriph_Driver/src/stm32f10x_adc.o
 .text.ADC_GetCalibrationStatus
                0x00000000       0x30 Libraries/STM32F10x_StdPeriph_Driver/src/stm32f10x_adc.o
 .text.ADC_SoftwareStartConvCmd
                0x00000000       0x38 Libraries/STM32F10x_StdPeriph_Driver/src/stm32f10x_adc.o
 .text.ADC_GetSoftwareStartConvStatus
                0x00000000       0x30 Libraries/STM32F10x_StdPeriph_Driver/src/stm32f10x_adc.o
 .text.ADC_DiscModeChannelCountConfig
                0x00000000       0x44 Libraries/STM32F10x_StdPeriph_Driver/src/stm32f10x_adc.o
 .text.ADC_DiscModeCmd
                0x00000000       0x38 Libraries/STM32F10x_StdPeriph_Driver/src/stm32f10x_adc.o
 .text.ADC_RegularChannelConfig
                0x00000000      0x194 Libraries/STM32F10x_StdPeriph_Driver/src/stm32f10x_adc.o
 .text.ADC_ExternalTrigConvCmd
                0x00000000       0x38 Libraries/STM32F10x_StdPeriph_Driver/src/stm32f10x_adc.o
 .text.ADC_GetConversionValue
                0x00000000       0x1c Libraries/STM32F10x_StdPeriph_Driver/src/stm32f10x_adc.o
 .text.ADC_GetDualModeConversionValue
                0x00000000       0x18 Libraries/STM32F10x_StdPeriph_Driver/src/stm32f10x_adc.o
 .text.ADC_AutoInjectedConvCmd
                0x00000000       0x38 Libraries/STM32F10x_StdPeriph_Driver/src/stm32f10x_adc.o
 .text.ADC_InjectedDiscModeCmd
                0x00000000       0x38 Libraries/STM32F10x_StdPeriph_Driver/src/stm32f10x_adc.o
 .text.ADC_ExternalTrigInjectedConvConfig
                0x00000000       0x34 Libraries/STM32F10x_StdPeriph_Driver/src/stm32f10x_adc.o
 .text.ADC_ExternalTrigInjectedConvCmd
                0x00000000       0x38 Libraries/STM32F10x_StdPeriph_Driver/src/stm32f10x_adc.o
 .text.ADC_SoftwareStartInjectedConvCmd
                0x00000000       0x38 Libraries/STM32F10x_StdPeriph_Driver/src/stm32f10x_adc.o
 .text.ADC_GetSoftwareStartInjectedConvCmdStatus
                0x00000000       0x30 Libraries/STM32F10x_StdPeriph_Driver/src/stm32f10x_adc.o
 .text.ADC_InjectedChannelConfig
                0x00000000      0x120 Libraries/STM32F10x_StdPeriph_Driver/src/stm32f10x_adc.o
 .text.ADC_InjectedSequencerLengthConfig
                0x00000000       0x44 Libraries/STM32F10x_StdPeriph_Driver/src/stm32f10x_adc.o
 .text.ADC_SetInjectedOffset
                0x00000000       0x34 Libraries/STM32F10x_StdPeriph_Driver/src/stm32f10x_adc.o
 .text.ADC_GetInjectedConversionValue
                0x00000000       0x30 Libraries/STM32F10x_StdPeriph_Driver/src/stm32f10x_adc.o
 .text.ADC_AnalogWatchdogCmd
                0x00000000       0x38 Libraries/STM32F10x_StdPeriph_Driver/src/stm32f10x_adc.o
 .text.ADC_AnalogWatchdogThresholdsConfig
                0x00000000       0x28 Libraries/STM32F10x_StdPeriph_Driver/src/stm32f10x_adc.o
 .text.ADC_AnalogWatchdogSingleChannelConfig
                0x00000000       0x38 Libraries/STM32F10x_StdPeriph_Driver/src/stm32f10x_adc.o
 .text.ADC_TempSensorVrefintCmd
                0x00000000       0x38 Libraries/STM32F10x_StdPeriph_Driver/src/stm32f10x_adc.o
 .text.ADC_GetFlagStatus
                0x00000000       0x34 Libraries/STM32F10x_StdPeriph_Driver/src/stm32f10x_adc.o
 .text.ADC_ClearFlag
                0x00000000       0x20 Libraries/STM32F10x_StdPeriph_Driver/src/stm32f10x_adc.o
 .text.ADC_GetITStatus
                0x00000000       0x58 Libraries/STM32F10x_StdPeriph_Driver/src/stm32f10x_adc.o
 .text.ADC_ClearITPendingBit
                0x00000000       0x2c Libraries/STM32F10x_StdPeriph_Driver/src/stm32f10x_adc.o
 .debug_info    0x00000000      0xb62 Libraries/STM32F10x_StdPeriph_Driver/src/stm32f10x_adc.o
 .debug_abbrev  0x00000000      0x19a Libraries/STM32F10x_StdPeriph_Driver/src/stm32f10x_adc.o
 .debug_aranges
                0x00000000      0x138 Libraries/STM32F10x_StdPeriph_Driver/src/stm32f10x_adc.o
 .debug_ranges  0x00000000      0x128 Libraries/STM32F10x_StdPeriph_Driver/src/stm32f10x_adc.o
 .debug_line    0x00000000      0x4aa Libraries/STM32F10x_StdPeriph_Driver/src/stm32f10x_adc.o
 .debug_str     0x00000000      0x74b Libraries/STM32F10x_StdPeriph_Driver/src/stm32f10x_adc.o
 .comment       0x00000000       0x71 Libraries/STM32F10x_StdPeriph_Driver/src/stm32f10x_adc.o
 .debug_frame   0x00000000      0x5a4 Libraries/STM32F10x_StdPeriph_Driver/src/stm32f10x_adc.o
 .ARM.attributes
                0x00000000       0x33 Libraries/STM32F10x_StdPeriph_Driver/src/stm32f10x_adc.o
 .text          0x00000000        0x0 Libraries/STM32F10x_StdPeriph_Driver/src/stm32f10x_dma.o
 .data          0x00000000        0x0 Libraries/STM32F10x_StdPeriph_Driver/src/stm32f10x_dma.o
 .bss           0x00000000        0x0 Libraries/STM32F10x_StdPeriph_Driver/src/stm32f10x_dma.o
 .text.DMA_DeInit
                0x00000000      0x178 Libraries/STM32F10x_StdPeriph_Driver/src/stm32f10x_dma.o
 .text.DMA_Init
                0x00000000       0x7c Libraries/STM32F10x_StdPeriph_Driver/src/stm32f10x_dma.o
 .text.DMA_StructInit
                0x00000000       0x54 Libraries/STM32F10x_StdPeriph_Driver/src/stm32f10x_dma.o
 .text.DMA_Cmd  0x00000000       0x38 Libraries/STM32F10x_StdPeriph_Driver/src/stm32f10x_dma.o
 .text.DMA_ITConfig
                0x00000000       0x3c Libraries/STM32F10x_StdPeriph_Driver/src/stm32f10x_dma.o
 .text.DMA_SetCurrDataCounter
                0x00000000       0x1c Libraries/STM32F10x_StdPeriph_Driver/src/stm32f10x_dma.o
 .text.DMA_GetCurrDataCounter
                0x00000000       0x1c Libraries/STM32F10x_StdPeriph_Driver/src/stm32f10x_dma.o
 .text.DMA_GetFlagStatus
                0x00000000       0x54 Libraries/STM32F10x_StdPeriph_Driver/src/stm32f10x_dma.o
 .text.DMA_ClearFlag
                0x00000000       0x34 Libraries/STM32F10x_StdPeriph_Driver/src/stm32f10x_dma.o
 .text.DMA_GetITStatus
                0x00000000       0x54 Libraries/STM32F10x_StdPeriph_Driver/src/stm32f10x_dma.o
 .text.DMA_ClearITPendingBit
                0x00000000       0x34 Libraries/STM32F10x_StdPeriph_Driver/src/stm32f10x_dma.o
 .debug_info    0x00000000      0x461 Libraries/STM32F10x_StdPeriph_Driver/src/stm32f10x_dma.o
 .debug_abbrev  0x00000000      0x157 Libraries/STM32F10x_StdPeriph_Driver/src/stm32f10x_dma.o
 .debug_aranges
                0x00000000       0x70 Libraries/STM32F10x_StdPeriph_Driver/src/stm32f10x_dma.o
 .debug_ranges  0x00000000       0x60 Libraries/STM32F10x_StdPeriph_Driver/src/stm32f10x_dma.o
 .debug_line    0x00000000      0x28c Libraries/STM32F10x_StdPeriph_Driver/src/stm32f10x_dma.o
 .debug_str     0x00000000      0x407 Libraries/STM32F10x_StdPeriph_Driver/src/stm32f10x_dma.o
 .comment       0x00000000       0x71 Libraries/STM32F10x_StdPeriph_Driver/src/stm32f10x_dma.o
 .debug_frame   0x00000000      0x1c8 Libraries/STM32F10x_StdPeriph_Driver/src/stm32f10x_dma.o
 .ARM.attributes
                0x00000000       0x33 Libraries/STM32F10x_StdPeriph_Driver/src/stm32f10x_dma.o
 .text          0x00000000        0x0 Libraries/STM32F10x_StdPeriph_Driver/src/misc.o
 .data          0x00000000        0x0 Libraries/STM32F10x_StdPeriph_Driver/src/misc.o
 .bss           0x00000000        0x0 Libraries/STM32F10x_StdPeriph_Driver/src/misc.o
 .text.NVIC_PriorityGroupConfig
                0x00000000       0x24 Libraries/STM32F10x_StdPeriph_Driver/src/misc.o
 .text.NVIC_Init
                0x00000000       0xc4 Libraries/STM32F10x_StdPeriph_Driver/src/misc.o
 .text.NVIC_SetVectorTable
                0x00000000       0x2c Libraries/STM32F10x_StdPeriph_Driver/src/misc.o
 .text.NVIC_SystemLPConfig
                0x00000000       0x40 Libraries/STM32F10x_StdPeriph_Driver/src/misc.o
 .text.SysTick_CLKSourceConfig
                0x00000000       0x38 Libraries/STM32F10x_StdPeriph_Driver/src/misc.o
 .debug_info    0x00000000      0x4ed Libraries/STM32F10x_StdPeriph_Driver/src/misc.o
 .debug_abbrev  0x00000000      0x156 Libraries/STM32F10x_StdPeriph_Driver/src/misc.o
 .debug_aranges
                0x00000000       0x40 Libraries/STM32F10x_StdPeriph_Driver/src/misc.o
 .debug_ranges  0x00000000       0x30 Libraries/STM32F10x_StdPeriph_Driver/src/misc.o
 .debug_line    0x00000000      0x1cd Libraries/STM32F10x_StdPeriph_Driver/src/misc.o
 .debug_str     0x00000000      0x408 Libraries/STM32F10x_StdPeriph_Driver/src/misc.o
 .comment       0x00000000       0x71 Libraries/STM32F10x_StdPeriph_Driver/src/misc.o
 .debug_frame   0x00000000       0xd8 Libraries/STM32F10x_StdPeriph_Driver/src/misc.o
 .ARM.attributes
                0x00000000       0x33 Libraries/STM32F10x_StdPeriph_Driver/src/misc.o
 .text          0x00000000        0x0 Libraries/STM32F10x_StdPeriph_Driver/src/stm32f10x_gpio.o
 .data          0x00000000        0x0 Libraries/STM32F10x_StdPeriph_Driver/src/stm32f10x_gpio.o
 .bss           0x00000000        0x0 Libraries/STM32F10x_StdPeriph_Driver/src/stm32f10x_gpio.o
 .text.GPIO_DeInit
                0x00000000       0xe4 Libraries/STM32F10x_StdPeriph_Driver/src/stm32f10x_gpio.o
 .text.GPIO_AFIODeInit
                0x00000000       0x18 Libraries/STM32F10x_StdPeriph_Driver/src/stm32f10x_gpio.o
 .text.GPIO_Init
                0x00000000      0x180 Libraries/STM32F10x_StdPeriph_Driver/src/stm32f10x_gpio.o
 .text.GPIO_StructInit
                0x00000000       0x28 Libraries/STM32F10x_StdPeriph_Driver/src/stm32f10x_gpio.o
 .text.GPIO_ReadInputDataBit
                0x00000000       0x34 Libraries/STM32F10x_StdPeriph_Driver/src/stm32f10x_gpio.o
 .text.GPIO_ReadInputData
                0x00000000       0x1c Libraries/STM32F10x_StdPeriph_Driver/src/stm32f10x_gpio.o
 .text.GPIO_ReadOutputDataBit
                0x00000000       0x34 Libraries/STM32F10x_StdPeriph_Driver/src/stm32f10x_gpio.o
 .text.GPIO_ReadOutputData
                0x00000000       0x1c Libraries/STM32F10x_StdPeriph_Driver/src/stm32f10x_gpio.o
 .text.GPIO_SetBits
                0x00000000       0x1c Libraries/STM32F10x_StdPeriph_Driver/src/stm32f10x_gpio.o
 .text.GPIO_ResetBits
                0x00000000       0x1c Libraries/STM32F10x_StdPeriph_Driver/src/stm32f10x_gpio.o
 .text.GPIO_WriteBit
                0x00000000       0x30 Libraries/STM32F10x_StdPeriph_Driver/src/stm32f10x_gpio.o
 .text.GPIO_Write
                0x00000000       0x1c Libraries/STM32F10x_StdPeriph_Driver/src/stm32f10x_gpio.o
 .text.GPIO_PinLockConfig
                0x00000000       0x44 Libraries/STM32F10x_StdPeriph_Driver/src/stm32f10x_gpio.o
 .text.GPIO_EventOutputConfig
                0x00000000       0x4c Libraries/STM32F10x_StdPeriph_Driver/src/stm32f10x_gpio.o
 .text.GPIO_EventOutputCmd
                0x00000000       0x20 Libraries/STM32F10x_StdPeriph_Driver/src/stm32f10x_gpio.o
 .text.GPIO_PinRemapConfig
                0x00000000       0xe0 Libraries/STM32F10x_StdPeriph_Driver/src/stm32f10x_gpio.o
 .text.GPIO_EXTILineConfig
                0x00000000       0x84 Libraries/STM32F10x_StdPeriph_Driver/src/stm32f10x_gpio.o
 .text.GPIO_ETH_MediaInterfaceConfig
                0x00000000       0x1c Libraries/STM32F10x_StdPeriph_Driver/src/stm32f10x_gpio.o
 .debug_info    0x00000000      0x6d5 Libraries/STM32F10x_StdPeriph_Driver/src/stm32f10x_gpio.o
 .debug_abbrev  0x00000000      0x1ca Libraries/STM32F10x_StdPeriph_Driver/src/stm32f10x_gpio.o
 .debug_aranges
                0x00000000       0xa8 Libraries/STM32F10x_StdPeriph_Driver/src/stm32f10x_gpio.o
 .debug_ranges  0x00000000       0x98 Libraries/STM32F10x_StdPeriph_Driver/src/stm32f10x_gpio.o
 .debug_line    0x00000000      0x33f Libraries/STM32F10x_StdPeriph_Driver/src/stm32f10x_gpio.o
 .debug_str     0x00000000      0x569 Libraries/STM32F10x_StdPeriph_Driver/src/stm32f10x_gpio.o
 .comment       0x00000000       0x71 Libraries/STM32F10x_StdPeriph_Driver/src/stm32f10x_gpio.o
 .debug_frame   0x00000000      0x2d0 Libraries/STM32F10x_StdPeriph_Driver/src/stm32f10x_gpio.o
 .ARM.attributes
                0x00000000       0x33 Libraries/STM32F10x_StdPeriph_Driver/src/stm32f10x_gpio.o
 .text          0x00000000        0x0 /opt/gcc-arm-none-eabi-4_9-2015q3/bin/../lib/gcc/arm-none-eabi/4.9.3/../../../../arm-none-eabi/lib/armv7-m/libc.a(lib_a-exit.o)
 .data          0x00000000        0x0 /opt/gcc-arm-none-eabi-4_9-2015q3/bin/../lib/gcc/arm-none-eabi/4.9.3/../../../../arm-none-eabi/lib/armv7-m/libc.a(lib_a-exit.o)
 .bss           0x00000000        0x0 /opt/gcc-arm-none-eabi-4_9-2015q3/bin/../lib/gcc/arm-none-eabi/4.9.3/../../../../arm-none-eabi/lib/armv7-m/libc.a(lib_a-exit.o)
 .text.exit     0x00000000       0x20 /opt/gcc-arm-none-eabi-4_9-2015q3/bin/../lib/gcc/arm-none-eabi/4.9.3/../../../../arm-none-eabi/lib/armv7-m/libc.a(lib_a-exit.o)
 .debug_frame   0x00000000       0x28 /opt/gcc-arm-none-eabi-4_9-2015q3/bin/../lib/gcc/arm-none-eabi/4.9.3/../../../../arm-none-eabi/lib/armv7-m/libc.a(lib_a-exit.o)
 .ARM.attributes
                0x00000000       0x2d /opt/gcc-arm-none-eabi-4_9-2015q3/bin/../lib/gcc/arm-none-eabi/4.9.3/../../../../arm-none-eabi/lib/armv7-m/libc.a(lib_a-exit.o)
 .text          0x00000000        0x0 /opt/gcc-arm-none-eabi-4_9-2015q3/bin/../lib/gcc/arm-none-eabi/4.9.3/../../../../arm-none-eabi/lib/armv7-m/libc.a(lib_a-impure.o)
 .data          0x00000000        0x0 /opt/gcc-arm-none-eabi-4_9-2015q3/bin/../lib/gcc/arm-none-eabi/4.9.3/../../../../arm-none-eabi/lib/armv7-m/libc.a(lib_a-impure.o)
 .bss           0x00000000        0x0 /opt/gcc-arm-none-eabi-4_9-2015q3/bin/../lib/gcc/arm-none-eabi/4.9.3/../../../../arm-none-eabi/lib/armv7-m/libc.a(lib_a-impure.o)
 .data._impure_ptr
                0x00000000        0x4 /opt/gcc-arm-none-eabi-4_9-2015q3/bin/../lib/gcc/arm-none-eabi/4.9.3/../../../../arm-none-eabi/lib/armv7-m/libc.a(lib_a-impure.o)
 .ARM.attributes
                0x00000000       0x2d /opt/gcc-arm-none-eabi-4_9-2015q3/bin/../lib/gcc/arm-none-eabi/4.9.3/../../../../arm-none-eabi/lib/armv7-m/libc.a(lib_a-impure.o)
 .text          0x00000000        0x0 /opt/gcc-arm-none-eabi-4_9-2015q3/bin/../lib/gcc/arm-none-eabi/4.9.3/../../../../arm-none-eabi/lib/armv7-m/libc.a(lib_a-init.o)
 .data          0x00000000        0x0 /opt/gcc-arm-none-eabi-4_9-2015q3/bin/../lib/gcc/arm-none-eabi/4.9.3/../../../../arm-none-eabi/lib/armv7-m/libc.a(lib_a-init.o)
 .bss           0x00000000        0x0 /opt/gcc-arm-none-eabi-4_9-2015q3/bin/../lib/gcc/arm-none-eabi/4.9.3/../../../../arm-none-eabi/lib/armv7-m/libc.a(lib_a-init.o)
 .text.__libc_init_array
                0x00000000       0x50 /opt/gcc-arm-none-eabi-4_9-2015q3/bin/../lib/gcc/arm-none-eabi/4.9.3/../../../../arm-none-eabi/lib/armv7-m/libc.a(lib_a-init.o)
 .debug_frame   0x00000000       0x2c /opt/gcc-arm-none-eabi-4_9-2015q3/bin/../lib/gcc/arm-none-eabi/4.9.3/../../../../arm-none-eabi/lib/armv7-m/libc.a(lib_a-init.o)
 .ARM.attributes
                0x00000000       0x2d /opt/gcc-arm-none-eabi-4_9-2015q3/bin/../lib/gcc/arm-none-eabi/4.9.3/../../../../arm-none-eabi/lib/armv7-m/libc.a(lib_a-init.o)
 .text          0x00000000        0x0 /opt/gcc-arm-none-eabi-4_9-2015q3/bin/../lib/gcc/arm-none-eabi/4.9.3/../../../../arm-none-eabi/lib/armv7-m/libc.a(lib_a-memset.o)
 .data          0x00000000        0x0 /opt/gcc-arm-none-eabi-4_9-2015q3/bin/../lib/gcc/arm-none-eabi/4.9.3/../../../../arm-none-eabi/lib/armv7-m/libc.a(lib_a-memset.o)
 .bss           0x00000000        0x0 /opt/gcc-arm-none-eabi-4_9-2015q3/bin/../lib/gcc/arm-none-eabi/4.9.3/../../../../arm-none-eabi/lib/armv7-m/libc.a(lib_a-memset.o)
 .text.memset   0x00000000       0x9c /opt/gcc-arm-none-eabi-4_9-2015q3/bin/../lib/gcc/arm-none-eabi/4.9.3/../../../../arm-none-eabi/lib/armv7-m/libc.a(lib_a-memset.o)
 .debug_frame   0x00000000       0x34 /opt/gcc-arm-none-eabi-4_9-2015q3/bin/../lib/gcc/arm-none-eabi/4.9.3/../../../../arm-none-eabi/lib/armv7-m/libc.a(lib_a-memset.o)
 .ARM.attributes
                0x00000000       0x2d /opt/gcc-arm-none-eabi-4_9-2015q3/bin/../lib/gcc/arm-none-eabi/4.9.3/../../../../arm-none-eabi/lib/armv7-m/libc.a(lib_a-memset.o)
 .text          0x00000000        0x0 /opt/gcc-arm-none-eabi-4_9-2015q3/bin/../lib/gcc/arm-none-eabi/4.9.3/../../../../arm-none-eabi/lib/armv7-m/libc.a(lib_a-__call_atexit.o)
 .data          0x00000000        0x0 /opt/gcc-arm-none-eabi-4_9-2015q3/bin/../lib/gcc/arm-none-eabi/4.9.3/../../../../arm-none-eabi/lib/armv7-m/libc.a(lib_a-__call_atexit.o)
 .bss           0x00000000        0x0 /opt/gcc-arm-none-eabi-4_9-2015q3/bin/../lib/gcc/arm-none-eabi/4.9.3/../../../../arm-none-eabi/lib/armv7-m/libc.a(lib_a-__call_atexit.o)
 .text.__call_exitprocs
                0x00000000       0xd4 /opt/gcc-arm-none-eabi-4_9-2015q3/bin/../lib/gcc/arm-none-eabi/4.9.3/../../../../arm-none-eabi/lib/armv7-m/libc.a(lib_a-__call_atexit.o)
 .debug_frame   0x00000000       0x50 /opt/gcc-arm-none-eabi-4_9-2015q3/bin/../lib/gcc/arm-none-eabi/4.9.3/../../../../arm-none-eabi/lib/armv7-m/libc.a(lib_a-__call_atexit.o)
 .ARM.attributes
                0x00000000       0x2d /opt/gcc-arm-none-eabi-4_9-2015q3/bin/../lib/gcc/arm-none-eabi/4.9.3/../../../../arm-none-eabi/lib/armv7-m/libc.a(lib_a-__call_atexit.o)
 .text          0x00000000        0x0 /opt/gcc-arm-none-eabi-4_9-2015q3/bin/../lib/gcc/arm-none-eabi/4.9.3/../../../../arm-none-eabi/lib/armv7-m/libc.a(lib_a-atexit.o)
 .data          0x00000000        0x0 /opt/gcc-arm-none-eabi-4_9-2015q3/bin/../lib/gcc/arm-none-eabi/4.9.3/../../../../arm-none-eabi/lib/armv7-m/libc.a(lib_a-atexit.o)
 .bss           0x00000000        0x0 /opt/gcc-arm-none-eabi-4_9-2015q3/bin/../lib/gcc/arm-none-eabi/4.9.3/../../../../arm-none-eabi/lib/armv7-m/libc.a(lib_a-atexit.o)
 .debug_frame   0x00000000       0x20 /opt/gcc-arm-none-eabi-4_9-2015q3/bin/../lib/gcc/arm-none-eabi/4.9.3/../../../../arm-none-eabi/lib/armv7-m/libc.a(lib_a-atexit.o)
 .ARM.attributes
                0x00000000       0x2d /opt/gcc-arm-none-eabi-4_9-2015q3/bin/../lib/gcc/arm-none-eabi/4.9.3/../../../../arm-none-eabi/lib/armv7-m/libc.a(lib_a-atexit.o)
 .text          0x00000000        0x0 /opt/gcc-arm-none-eabi-4_9-2015q3/bin/../lib/gcc/arm-none-eabi/4.9.3/../../../../arm-none-eabi/lib/armv7-m/libc.a(lib_a-fini.o)
 .data          0x00000000        0x0 /opt/gcc-arm-none-eabi-4_9-2015q3/bin/../lib/gcc/arm-none-eabi/4.9.3/../../../../arm-none-eabi/lib/armv7-m/libc.a(lib_a-fini.o)
 .bss           0x00000000        0x0 /opt/gcc-arm-none-eabi-4_9-2015q3/bin/../lib/gcc/arm-none-eabi/4.9.3/../../../../arm-none-eabi/lib/armv7-m/libc.a(lib_a-fini.o)
 .debug_frame   0x00000000       0x34 /opt/gcc-arm-none-eabi-4_9-2015q3/bin/../lib/gcc/arm-none-eabi/4.9.3/../../../../arm-none-eabi/lib/armv7-m/libc.a(lib_a-fini.o)
 .ARM.attributes
                0x00000000       0x2d /opt/gcc-arm-none-eabi-4_9-2015q3/bin/../lib/gcc/arm-none-eabi/4.9.3/../../../../arm-none-eabi/lib/armv7-m/libc.a(lib_a-fini.o)
 .text          0x00000000        0x0 /opt/gcc-arm-none-eabi-4_9-2015q3/bin/../lib/gcc/arm-none-eabi/4.9.3/../../../../arm-none-eabi/lib/armv7-m/libc.a(lib_a-__atexit.o)
 .data          0x00000000        0x0 /opt/gcc-arm-none-eabi-4_9-2015q3/bin/../lib/gcc/arm-none-eabi/4.9.3/../../../../arm-none-eabi/lib/armv7-m/libc.a(lib_a-__atexit.o)
 .bss           0x00000000        0x0 /opt/gcc-arm-none-eabi-4_9-2015q3/bin/../lib/gcc/arm-none-eabi/4.9.3/../../../../arm-none-eabi/lib/armv7-m/libc.a(lib_a-__atexit.o)
 .debug_frame   0x00000000       0x34 /opt/gcc-arm-none-eabi-4_9-2015q3/bin/../lib/gcc/arm-none-eabi/4.9.3/../../../../arm-none-eabi/lib/armv7-m/libc.a(lib_a-__atexit.o)
 .ARM.attributes
                0x00000000       0x2d /opt/gcc-arm-none-eabi-4_9-2015q3/bin/../lib/gcc/arm-none-eabi/4.9.3/../../../../arm-none-eabi/lib/armv7-m/libc.a(lib_a-__atexit.o)
 .text          0x00000000        0x0 /opt/gcc-arm-none-eabi-4_9-2015q3/bin/../lib/gcc/arm-none-eabi/4.9.3/armv7-m/crtend.o
 .data          0x00000000        0x0 /opt/gcc-arm-none-eabi-4_9-2015q3/bin/../lib/gcc/arm-none-eabi/4.9.3/armv7-m/crtend.o
 .bss           0x00000000        0x0 /opt/gcc-arm-none-eabi-4_9-2015q3/bin/../lib/gcc/arm-none-eabi/4.9.3/armv7-m/crtend.o
 .eh_frame      0x00000000        0x4 /opt/gcc-arm-none-eabi-4_9-2015q3/bin/../lib/gcc/arm-none-eabi/4.9.3/armv7-m/crtend.o
 .jcr           0x00000000        0x4 /opt/gcc-arm-none-eabi-4_9-2015q3/bin/../lib/gcc/arm-none-eabi/4.9.3/armv7-m/crtend.o
 .ARM.attributes
                0x00000000       0x2d /opt/gcc-arm-none-eabi-4_9-2015q3/bin/../lib/gcc/arm-none-eabi/4.9.3/armv7-m/crtend.o
 .text          0x00000000        0x0 /opt/gcc-arm-none-eabi-4_9-2015q3/bin/../lib/gcc/arm-none-eabi/4.9.3/armv7-m/crtn.o
 .data          0x00000000        0x0 /opt/gcc-arm-none-eabi-4_9-2015q3/bin/../lib/gcc/arm-none-eabi/4.9.3/armv7-m/crtn.o
 .bss           0x00000000        0x0 /opt/gcc-arm-none-eabi-4_9-2015q3/bin/../lib/gcc/arm-none-eabi/4.9.3/armv7-m/crtn.o

Memory Configuration

Name             Origin             Length             Attributes
FLASH            0x08000000         0x00020000         xr
RAM              0x20000000         0x00005000         xrw
*default*        0x00000000         0xffffffff

Linker script and memory map

LOAD /opt/gcc-arm-none-eabi-4_9-2015q3/bin/../lib/gcc/arm-none-eabi/4.9.3/armv7-m/crti.o
LOAD /opt/gcc-arm-none-eabi-4_9-2015q3/bin/../lib/gcc/arm-none-eabi/4.9.3/armv7-m/crtbegin.o
LOAD /opt/gcc-arm-none-eabi-4_9-2015q3/bin/../lib/gcc/arm-none-eabi/4.9.3/../../../../arm-none-eabi/lib/armv7-m/crt0.o
LOAD Libraries/STM32F10x_StdPeriph_Driver/src/stm32f10x_usart.o
LOAD Libraries/STM32F10x_StdPeriph_Driver/src/stm32f10x_rcc.o
LOAD Libraries/STM32F10x_StdPeriph_Driver/src/stm32f10x_pwr.o
LOAD Libraries/STM32F10x_StdPeriph_Driver/src/stm32f10x_adc.o
LOAD Libraries/STM32F10x_StdPeriph_Driver/src/stm32f10x_dma.o
LOAD Libraries/STM32F10x_StdPeriph_Driver/src/misc.o
LOAD Libraries/STM32F10x_StdPeriph_Driver/src/stm32f10x_gpio.o
LOAD /opt/gcc-arm-none-eabi-4_9-2015q3/bin/../lib/gcc/arm-none-eabi/4.9.3/armv7-m/libgcc.a
                0x20005000                _estack = 0x20005000
                0x00000000                _Min_Heap_Size = 0x0
                0x00000400                _Min_Stack_Size = 0x400

.isr_vector     0x08000000        0x0
                0x08000000                . = ALIGN (0x4)
 *(.isr_vector)
                0x08000000                . = ALIGN (0x4)

.text           0x08000000      0x164
                0x08000000                . = ALIGN (0x4)
 *(.text)
 .text          0x08000000       0x5c /opt/gcc-arm-none-eabi-4_9-2015q3/bin/../lib/gcc/arm-none-eabi/4.9.3/armv7-m/crtbegin.o
 *(.text*)
 .text.startup.register_fini
                0x0800005c       0x14 /opt/gcc-arm-none-eabi-4_9-2015q3/bin/../lib/gcc/arm-none-eabi/4.9.3/../../../../arm-none-eabi/lib/armv7-m/libc.a(lib_a-__call_atexit.o)
 .text.atexit   0x08000070        0xc /opt/gcc-arm-none-eabi-4_9-2015q3/bin/../lib/gcc/arm-none-eabi/4.9.3/../../../../arm-none-eabi/lib/armv7-m/libc.a(lib_a-atexit.o)
                0x08000070                atexit
 .text.__libc_fini_array
                0x0800007c       0x2c /opt/gcc-arm-none-eabi-4_9-2015q3/bin/../lib/gcc/arm-none-eabi/4.9.3/../../../../arm-none-eabi/lib/armv7-m/libc.a(lib_a-fini.o)
                0x0800007c                __libc_fini_array
 .text.__register_exitproc
                0x080000a8       0xa4 /opt/gcc-arm-none-eabi-4_9-2015q3/bin/../lib/gcc/arm-none-eabi/4.9.3/../../../../arm-none-eabi/lib/armv7-m/libc.a(lib_a-__atexit.o)
                0x080000a8                __register_exitproc
 *(.glue_7)
 .glue_7        0x00000000        0x0 linker stubs
 *(.glue_7t)
 .glue_7t       0x00000000        0x0 linker stubs
 *(.eh_frame)
 .eh_frame      0x0800014c        0x0 /opt/gcc-arm-none-eabi-4_9-2015q3/bin/../lib/gcc/arm-none-eabi/4.9.3/armv7-m/crtbegin.o
 *(.init)
 .init          0x0800014c        0x4 /opt/gcc-arm-none-eabi-4_9-2015q3/bin/../lib/gcc/arm-none-eabi/4.9.3/armv7-m/crti.o
                0x0800014c                _init
 .init          0x08000150        0x8 /opt/gcc-arm-none-eabi-4_9-2015q3/bin/../lib/gcc/arm-none-eabi/4.9.3/armv7-m/crtn.o
 *(.fini)
 .fini          0x08000158        0x4 /opt/gcc-arm-none-eabi-4_9-2015q3/bin/../lib/gcc/arm-none-eabi/4.9.3/armv7-m/crti.o
                0x08000158                _fini
 .fini          0x0800015c        0x8 /opt/gcc-arm-none-eabi-4_9-2015q3/bin/../lib/gcc/arm-none-eabi/4.9.3/armv7-m/crtn.o
                0x08000164                . = ALIGN (0x4)
                0x08000164                _etext = .

.vfp11_veneer   0x08000164        0x0
 .vfp11_veneer  0x00000000        0x0 linker stubs

.v4_bx          0x08000164        0x0
 .v4_bx         0x00000000        0x0 linker stubs

.iplt           0x08000164        0x0
 .iplt          0x00000000        0x0 /opt/gcc-arm-none-eabi-4_9-2015q3/bin/../lib/gcc/arm-none-eabi/4.9.3/armv7-m/crtbegin.o

.rodata         0x08000164        0x8
                0x08000164                . = ALIGN (0x4)
 *(.rodata)
 *(.rodata*)
 .rodata.str1.4
                0x08000164        0x4 /opt/gcc-arm-none-eabi-4_9-2015q3/bin/../lib/gcc/arm-none-eabi/4.9.3/../../../../arm-none-eabi/lib/armv7-m/libc.a(lib_a-impure.o)
                                  0x2 (size before relaxing)
 .rodata._global_impure_ptr
                0x08000168        0x4 /opt/gcc-arm-none-eabi-4_9-2015q3/bin/../lib/gcc/arm-none-eabi/4.9.3/../../../../arm-none-eabi/lib/armv7-m/libc.a(lib_a-impure.o)
                0x08000168                _global_impure_ptr
                0x0800016c                . = ALIGN (0x4)

.rel.dyn        0x0800016c        0x0
 .rel.iplt      0x00000000        0x0 /opt/gcc-arm-none-eabi-4_9-2015q3/bin/../lib/gcc/arm-none-eabi/4.9.3/armv7-m/crtbegin.o

.ARM.extab
 *(.ARM.extab* .gnu.linkonce.armextab.*)

.ARM            0x0800016c        0x0
                0x0800016c                __exidx_start = .
 *(.ARM.exidx*)
                0x0800016c                __exidx_end = .

.preinit_array  0x0800016c        0x0
                0x0800016c                PROVIDE (__preinit_array_start, .)
 *(.preinit_array*)
                0x0800016c                PROVIDE (__preinit_array_end, .)

.init_array     0x0800016c        0x8
                0x0800016c                PROVIDE (__init_array_start, .)
 *(SORT(.init_array.*))
 .init_array.00000
                0x0800016c        0x4 /opt/gcc-arm-none-eabi-4_9-2015q3/bin/../lib/gcc/arm-none-eabi/4.9.3/../../../../arm-none-eabi/lib/armv7-m/libc.a(lib_a-__call_atexit.o)
 *(.init_array*)
 .init_array    0x08000170        0x4 /opt/gcc-arm-none-eabi-4_9-2015q3/bin/../lib/gcc/arm-none-eabi/4.9.3/armv7-m/crtbegin.o
                0x08000174                PROVIDE (__init_array_end, .)

.fini_array     0x08000174        0x4
                0x08000174                PROVIDE (__fini_array_start, .)
 *(SORT(.fini_array.*))
 *(.fini_array*)
 .fini_array    0x08000174        0x4 /opt/gcc-arm-none-eabi-4_9-2015q3/bin/../lib/gcc/arm-none-eabi/4.9.3/armv7-m/crtbegin.o
                0x08000178                PROVIDE (__fini_array_end, .)
                0x08000178                _sidata = LOADADDR (.data)

.data           0x20000000      0x428 load address 0x08000178
                0x20000000                . = ALIGN (0x4)
                0x20000000                _sdata = .
 *(.data)
 *(.data*)
 .data.impure_data
                0x20000000      0x428 /opt/gcc-arm-none-eabi-4_9-2015q3/bin/../lib/gcc/arm-none-eabi/4.9.3/../../../../arm-none-eabi/lib/armv7-m/libc.a(lib_a-impure.o)
                0x20000428                . = ALIGN (0x4)
                0x20000428                _edata = .

.jcr            0x20000428        0x0 load address 0x080005a0
 .jcr           0x20000428        0x0 /opt/gcc-arm-none-eabi-4_9-2015q3/bin/../lib/gcc/arm-none-eabi/4.9.3/armv7-m/crtbegin.o

.igot.plt       0x20000428        0x0 load address 0x080005a0
 .igot.plt      0x00000000        0x0 /opt/gcc-arm-none-eabi-4_9-2015q3/bin/../lib/gcc/arm-none-eabi/4.9.3/armv7-m/crtbegin.o
                0x20000428                . = ALIGN (0x4)

.bss            0x20000428       0x1c load address 0x080005a0
                0x20000428                _sbss = .
                0x20000428                __bss_start__ = _sbss
 *(.bss)
 .bss           0x20000428       0x1c /opt/gcc-arm-none-eabi-4_9-2015q3/bin/../lib/gcc/arm-none-eabi/4.9.3/armv7-m/crtbegin.o
 *(.bss*)
 *(COMMON)
                0x20000444                . = ALIGN (0x4)
                0x20000444                _ebss = .
                0x20000444                __bss_end__ = _ebss

._user_heap_stack
                0x20000444      0x400 load address 0x080005a0
                0x20000444                . = ALIGN (0x4)
                0x20000444                PROVIDE (end, .)
                0x20000444                PROVIDE (_end, .)
                0x20000444                . = (. + _Min_Heap_Size)
                0x20000844                . = (. + _Min_Stack_Size)
 *fill*         0x20000444      0x400 
                0x20000844                . = ALIGN (0x4)

/DISCARD/
 libc.a(*)
 libm.a(*)
 libgcc.a(*)

.ARM.attributes
                0x00000000       0x29
 *(.ARM.attributes)
 .ARM.attributes
                0x00000000       0x1d /opt/gcc-arm-none-eabi-4_9-2015q3/bin/../lib/gcc/arm-none-eabi/4.9.3/armv7-m/crti.o
 .ARM.attributes
                0x0000001d       0x2d /opt/gcc-arm-none-eabi-4_9-2015q3/bin/../lib/gcc/arm-none-eabi/4.9.3/armv7-m/crtbegin.o
 .ARM.attributes
                0x0000004a       0x1d /opt/gcc-arm-none-eabi-4_9-2015q3/bin/../lib/gcc/arm-none-eabi/4.9.3/armv7-m/crtn.o
START GROUP
LOAD /opt/gcc-arm-none-eabi-4_9-2015q3/bin/../lib/gcc/arm-none-eabi/4.9.3/armv7-m/libgcc.a
LOAD /opt/gcc-arm-none-eabi-4_9-2015q3/bin/../lib/gcc/arm-none-eabi/4.9.3/../../../../arm-none-eabi/lib/armv7-m/libg.a
LOAD /opt/gcc-arm-none-eabi-4_9-2015q3/bin/../lib/gcc/arm-none-eabi/4.9.3/../../../../arm-none-eabi/lib/armv7-m/libc.a
END GROUP
LOAD /opt/gcc-arm-none-eabi-4_9-2015q3/bin/../lib/gcc/arm-none-eabi/4.9.3/armv7-m/crtend.o
LOAD /opt/gcc-arm-none-eabi-4_9-2015q3/bin/../lib/gcc/arm-none-eabi/4.9.3/armv7-m/crtn.o
OUTPUT(maple-leaf-iotest.elf elf32-littlearm)
